2025-12-23 06:43:54.092: [INFO] VisibilityChanged: 0
2025-12-23 06:43:54.142: [INFO] RecordSyncInitDuration has_sync_been_enabled: 0 state: 0
2025-12-23 06:43:54.143: [INFO] RecordSyncInitDuration has_sync_been_enabled: 0 state: 0
2025-12-23 06:43:54.144: [INFO] RecordSyncInitDuration has_sync_been_enabled: 0 state: 0
2025-12-23 06:43:54.145: [INFO] RecordSyncInitDuration has_sync_been_enabled: 0 state: 0
2025-12-23 06:43:54.145: [INFO] RecordSyncInitDuration has_sync_been_enabled: 0 state: 0
2025-12-23 06:43:54.146: [INFO] RecordSyncInitDuration has_sync_been_enabled: 0 state: 0
2025-12-23 06:43:54.146: [INFO] RecordSyncInitDuration has_sync_been_enabled: 0 state: 0
2025-12-23 06:43:54.147: [INFO] RecordSyncInitDuration has_sync_been_enabled: 0 state: 0
2025-12-23 06:43:54.147: [INFO] RecordSyncInitDuration has_sync_been_enabled: 0 state: 0
2025-12-23 06:43:54.147: [INFO] RecordSyncInitDuration has_sync_been_enabled: 0 state: 0
2025-12-23 06:43:54.148: [INFO] RecordSyncInitDuration has_sync_been_enabled: 0 state: 0
2025-12-23 06:43:54.157: [INFO] BookmarkModelLoaded, ids_reassigned: 0
2025-12-23 06:43:54.157: [INFO] OnDoneLoading sync enabled: 0
2025-12-23 06:43:54.219: [INFO] RecordSyncInitDuration has_sync_been_enabled: 0 state: 0
2025-12-23 06:43:55.756: [INFO] RecordSyncInitDuration has_sync_been_enabled: 0 state: 3
2025-12-23 06:43:55.758: [INFO] Primary account changed.
2025-12-23 06:43:55.758: [INFO] OnPrimaryAccountChanged PrimaryAccountChangeEvent::Type::kSet
2025-12-23 06:43:55.760: [INFO] RecordSyncInitDuration has_sync_been_enabled: 0 state: 3
2025-12-23 06:43:58.612: [INFO] BookmarkNodeAdded, ABU: 0
2025-12-23 06:43:59.576: [INFO] Sync initialization duration: 3688ms
2025-12-23 06:47:18.468: [INFO] VisibilityChanged: 1
2025-12-23 06:47:21.914: [INFO] VisibilityChanged: 0
2025-12-23 06:50:01.634: [INFO] VisibilityChanged: 0
2025-12-23 06:50:01.726: [INFO] BookmarkModelLoaded, ids_reassigned: 0
2025-12-23 06:50:01.726: [INFO] OnDoneLoading sync enabled: 1
2025-12-23 06:50:08.147: [INFO] Sync initialization duration: 1554ms
2025-12-23 06:53:47.172: [INFO] VisibilityChanged: 0
2025-12-23 06:53:47.237: [INFO] BookmarkModelLoaded, ids_reassigned: 0
2025-12-23 06:53:47.237: [INFO] OnDoneLoading sync enabled: 1
2025-12-23 06:53:53.573: [INFO] Sync initialization duration: 1749ms
2025-12-23 07:15:59.446: [INFO] VisibilityChanged: 0
2025-12-23 07:15:59.516: [INFO] BookmarkModelLoaded, ids_reassigned: 0
2025-12-23 07:15:59.516: [INFO] OnDoneLoading sync enabled: 1
2025-12-23 07:16:05.761: [INFO] Sync initialization duration: 1709ms
2025-12-23 07:23:08.504: [INFO] VisibilityChanged: 0
2025-12-23 07:23:08.573: [INFO] BookmarkModelLoaded, ids_reassigned: 0
2025-12-23 07:23:08.573: [INFO] OnDoneLoading sync enabled: 1
2025-12-23 07:23:14.532: [INFO] Sync initialization duration: 1348ms
2025-12-26 06:37:13.995: [INFO] VisibilityChanged: 0
2025-12-26 06:37:14.069: [INFO] BookmarkModelLoaded, ids_reassigned: 0
2025-12-26 06:37:14.069: [INFO] OnDoneLoading sync enabled: 1
2025-12-26 06:37:20.136: [INFO] Sync initialization duration: 1117ms
2025-12-26 06:43:07.189: [INFO] VisibilityChanged: 0
2025-12-26 06:43:07.261: [INFO] BookmarkModelLoaded, ids_reassigned: 0
2025-12-26 06:43:07.261: [INFO] OnDoneLoading sync enabled: 1
2025-12-26 06:43:13.277: [INFO] Sync initialization duration: 1556ms
2025-12-26 08:24:28.047: [INFO] VisibilityChanged: 0
2025-12-26 08:24:28.119: [INFO] BookmarkModelLoaded, ids_reassigned: 0
2025-12-26 08:24:28.119: [INFO] OnDoneLoading sync enabled: 1
2025-12-26 08:24:34.297: [INFO] Sync initialization duration: 1562ms
2025-12-26 08:30:46.397: [INFO] VisibilityChanged: 0
2025-12-26 08:30:46.475: [INFO] BookmarkModelLoaded, ids_reassigned: 0
2025-12-26 08:30:46.475: [INFO] OnDoneLoading sync enabled: 1
2025-12-26 08:30:53.089: [INFO] Sync initialization duration: 1485ms
2025-12-26 08:38:34.832: [INFO] VisibilityChanged: 0
2025-12-26 08:38:34.906: [INFO] BookmarkModelLoaded, ids_reassigned: 0
2025-12-26 08:38:34.906: [INFO] OnDoneLoading sync enabled: 1
2025-12-26 08:38:40.634: [INFO] Sync initialization duration: 1147ms
2025-12-26 08:41:41.434: [INFO] VisibilityChanged: 0
2025-12-26 08:41:41.513: [INFO] BookmarkModelLoaded, ids_reassigned: 0
2025-12-26 08:41:41.513: [INFO] OnDoneLoading sync enabled: 1
2025-12-26 08:41:47.675: [INFO] Sync initialization duration: 1341ms
2025-12-26 08:46:05.701: [INFO] VisibilityChanged: 0
2025-12-26 08:46:05.769: [INFO] BookmarkModelLoaded, ids_reassigned: 0
2025-12-26 08:46:05.769: [INFO] OnDoneLoading sync enabled: 1
2025-12-26 08:46:11.384: [INFO] Sync initialization duration: 925ms
2025-12-26 08:49:49.769: [INFO] VisibilityChanged: 0
2025-12-26 08:49:49.850: [INFO] BookmarkModelLoaded, ids_reassigned: 0
2025-12-26 08:49:49.850: [INFO] OnDoneLoading sync enabled: 1
2025-12-26 08:49:56.067: [INFO] Sync initialization duration: 1538ms
2025-12-26 08:55:18.162: [INFO] VisibilityChanged: 0
2025-12-26 08:55:18.243: [INFO] BookmarkModelLoaded, ids_reassigned: 0
2025-12-26 08:55:18.243: [INFO] OnDoneLoading sync enabled: 1
2025-12-26 08:55:24.275: [INFO] Sync initialization duration: 1057ms
2025-12-29 08:09:03.450: [INFO] VisibilityChanged: 0
2025-12-29 08:09:03.532: [INFO] BookmarkModelLoaded, ids_reassigned: 0
2025-12-29 08:09:03.532: [INFO] OnDoneLoading sync enabled: 1
2025-12-29 08:09:11.166: [INFO] Sync initialization duration: 1382ms
2025-12-29 10:59:00.596: [INFO] VisibilityChanged: 0
2025-12-29 10:59:00.681: [INFO] BookmarkModelLoaded, ids_reassigned: 0
2025-12-29 10:59:00.681: [INFO] OnDoneLoading sync enabled: 1
2025-12-29 10:59:08.614: [INFO] Sync initialization duration: 1775ms
2025-12-29 11:03:38.963: [INFO] VisibilityChanged: 0
2025-12-29 11:03:39.036: [INFO] BookmarkModelLoaded, ids_reassigned: 0
2025-12-29 11:03:39.036: [INFO] OnDoneLoading sync enabled: 1
2025-12-29 11:03:45.116: [INFO] Sync initialization duration: 1592ms
2025-12-29 11:12:42.288: [INFO] VisibilityChanged: 0
2025-12-29 11:12:42.356: [INFO] BookmarkModelLoaded, ids_reassigned: 0
2025-12-29 11:12:42.356: [INFO] OnDoneLoading sync enabled: 1
2025-12-29 11:12:47.914: [INFO] Sync initialization duration: 1091ms
2025-12-29 11:26:57.656: [INFO] VisibilityChanged: 0
2025-12-29 11:26:57.727: [INFO] BookmarkModelLoaded, ids_reassigned: 0
2025-12-29 11:26:57.727: [INFO] OnDoneLoading sync enabled: 1
2025-12-29 11:27:04.132: [INFO] Sync initialization duration: 1343ms
2025-12-29 11:28:42.622: [INFO] VisibilityChanged: 0
2025-12-29 11:28:42.694: [INFO] BookmarkModelLoaded, ids_reassigned: 0
2025-12-29 11:28:42.694: [INFO] OnDoneLoading sync enabled: 1
2025-12-29 11:28:48.555: [INFO] Sync initialization duration: 1451ms
2025-12-29 11:38:07.586: [INFO] VisibilityChanged: 0
2025-12-29 11:38:07.658: [INFO] BookmarkModelLoaded, ids_reassigned: 0
2025-12-29 11:38:07.659: [INFO] OnDoneLoading sync enabled: 1
2025-12-29 11:38:13.376: [INFO] Sync initialization duration: 1200ms
2025-12-30 02:54:51.058: [INFO] VisibilityChanged: 0
2025-12-30 02:54:51.138: [INFO] BookmarkModelLoaded, ids_reassigned: 0
2025-12-30 02:54:51.138: [INFO] OnDoneLoading sync enabled: 1
2025-12-30 02:55:00.947: [INFO] Sync initialization duration: 2105ms
2025-12-30 02:56:23.102: [INFO] VisibilityChanged: 0
2025-12-30 02:56:23.175: [INFO] BookmarkModelLoaded, ids_reassigned: 0
2025-12-30 02:56:23.175: [INFO] OnDoneLoading sync enabled: 1
2025-12-30 02:56:29.647: [INFO] Sync initialization duration: 1974ms
2025-12-30 03:06:01.006: [INFO] VisibilityChanged: 0
2025-12-30 03:06:01.074: [INFO] BookmarkModelLoaded, ids_reassigned: 0
2025-12-30 03:06:01.074: [INFO] OnDoneLoading sync enabled: 1
2025-12-30 03:06:07.064: [INFO] Sync initialization duration: 1594ms
2025-12-30 03:06:47.362: [INFO] VisibilityChanged: 0
2025-12-30 03:06:47.433: [INFO] BookmarkModelLoaded, ids_reassigned: 0
2025-12-30 03:06:47.433: [INFO] OnDoneLoading sync enabled: 1
2025-12-30 03:06:52.590: [INFO] Sync initialization duration: 907ms
2025-12-30 03:10:00.544: [INFO] VisibilityChanged: 0
2025-12-30 03:10:00.618: [INFO] BookmarkModelLoaded, ids_reassigned: 0
2025-12-30 03:10:00.618: [INFO] OnDoneLoading sync enabled: 1
2025-12-30 03:10:06.718: [INFO] Sync initialization duration: 1130ms
2025-12-30 03:18:43.318: [INFO] VisibilityChanged: 0
2025-12-30 03:18:43.396: [INFO] BookmarkModelLoaded, ids_reassigned: 0
2025-12-30 03:18:43.396: [INFO] OnDoneLoading sync enabled: 1
2025-12-30 03:18:50.351: [INFO] Sync initialization duration: 2381ms
2025-12-30 03:24:35.334: [INFO] VisibilityChanged: 0
2025-12-30 03:24:35.409: [INFO] BookmarkModelLoaded, ids_reassigned: 0
2025-12-30 03:24:35.409: [INFO] OnDoneLoading sync enabled: 1
2025-12-30 03:24:41.522: [INFO] Sync initialization duration: 1594ms
2025-12-30 03:29:10.814: [INFO] VisibilityChanged: 0
2025-12-30 03:29:10.887: [INFO] BookmarkModelLoaded, ids_reassigned: 0
2025-12-30 03:29:10.887: [INFO] OnDoneLoading sync enabled: 1
2025-12-30 03:29:17.745: [INFO] Sync initialization duration: 2092ms
2025-12-30 03:32:14.710: [INFO] VisibilityChanged: 0
2025-12-30 03:32:14.786: [INFO] BookmarkModelLoaded, ids_reassigned: 0
2025-12-30 03:32:14.786: [INFO] OnDoneLoading sync enabled: 1
2025-12-30 03:32:20.740: [INFO] Sync initialization duration: 1721ms
2025-12-30 03:43:07.823: [INFO] VisibilityChanged: 0
2025-12-30 03:43:07.888: [INFO] BookmarkModelLoaded, ids_reassigned: 0
2025-12-30 03:43:07.888: [INFO] OnDoneLoading sync enabled: 1
2025-12-30 03:43:13.999: [INFO] Sync initialization duration: 1859ms
2025-12-30 03:49:34.673: [INFO] VisibilityChanged: 0
2025-12-30 03:49:34.744: [INFO] BookmarkModelLoaded, ids_reassigned: 0
2025-12-30 03:49:34.744: [INFO] OnDoneLoading sync enabled: 1
2025-12-30 03:49:40.794: [INFO] Sync initialization duration: 1522ms
2026-01-05 06:12:51.603: [INFO] VisibilityChanged: 0
2026-01-05 06:12:51.669: [INFO] BookmarkModelLoaded, ids_reassigned: 0
2026-01-05 06:12:51.669: [INFO] OnDoneLoading sync enabled: 1
2026-01-05 06:12:57.312: [INFO] Sync initialization duration: 1336ms
2026-01-05 09:05:30.276: [INFO] VisibilityChanged: 0
2026-01-05 09:05:30.340: [INFO] BookmarkModelLoaded, ids_reassigned: 0
2026-01-05 09:05:30.340: [INFO] OnDoneLoading sync enabled: 1
2026-01-05 09:05:36.572: [INFO] Sync initialization duration: 1760ms
2026-01-06 04:08:24.114: [INFO] VisibilityChanged: 0
2026-01-06 04:08:24.194: [INFO] BookmarkModelLoaded, ids_reassigned: 0
2026-01-06 04:08:24.194: [INFO] OnDoneLoading sync enabled: 1
2026-01-06 04:08:32.074: [INFO] Sync initialization duration: 1317ms
2026-01-06 04:16:09.450: [INFO] VisibilityChanged: 0
2026-01-06 04:16:09.526: [INFO] BookmarkModelLoaded, ids_reassigned: 0
2026-01-06 04:16:09.526: [INFO] OnDoneLoading sync enabled: 1
2026-01-06 04:16:16.368: [INFO] Sync initialization duration: 1931ms
2026-01-06 04:59:03.530: [INFO] VisibilityChanged: 0
2026-01-06 04:59:03.591: [INFO] BookmarkModelLoaded, ids_reassigned: 0
2026-01-06 04:59:03.591: [INFO] OnDoneLoading sync enabled: 1
2026-01-06 04:59:08.828: [INFO] Sync initialization duration: 935ms
2026-01-06 05:05:50.742: [INFO] VisibilityChanged: 0
2026-01-06 05:05:50.805: [INFO] BookmarkModelLoaded, ids_reassigned: 0
2026-01-06 05:05:50.805: [INFO] OnDoneLoading sync enabled: 1
2026-01-06 05:05:56.424: [INFO] Sync initialization duration: 1279ms
2026-01-06 05:20:14.051: [INFO] VisibilityChanged: 0
2026-01-06 05:20:14.127: [INFO] BookmarkModelLoaded, ids_reassigned: 0
2026-01-06 05:20:14.127: [INFO] OnDoneLoading sync enabled: 1
2026-01-06 05:20:21.087: [INFO] Sync initialization duration: 1918ms
2026-01-06 05:40:59.690: [INFO] VisibilityChanged: 0
2026-01-06 05:40:59.758: [INFO] BookmarkModelLoaded, ids_reassigned: 0
2026-01-06 05:40:59.758: [INFO] OnDoneLoading sync enabled: 1
2026-01-06 05:41:06.423: [INFO] Sync initialization duration: 1560ms
2026-01-06 05:55:31.847: [INFO] VisibilityChanged: 0
2026-01-06 05:55:31.924: [INFO] BookmarkModelLoaded, ids_reassigned: 0
2026-01-06 05:55:31.924: [INFO] OnDoneLoading sync enabled: 1
2026-01-06 05:55:39.276: [INFO] Sync initialization duration: 2098ms
2026-01-06 06:04:26.306: [INFO] VisibilityChanged: 0
2026-01-06 06:04:26.374: [INFO] BookmarkModelLoaded, ids_reassigned: 0
2026-01-06 06:04:26.374: [INFO] OnDoneLoading sync enabled: 1
2026-01-06 06:04:32.967: [INFO] Sync initialization duration: 1424ms
2026-01-07 06:11:55.955: [INFO] VisibilityChanged: 0
2026-01-07 06:11:56.015: [INFO] BookmarkModelLoaded, ids_reassigned: 0
2026-01-07 06:11:56.015: [INFO] OnDoneLoading sync enabled: 1
2026-01-07 06:12:03.454: [INFO] Sync initialization duration: 1736ms
2026-01-08 04:02:03.908: [INFO] VisibilityChanged: 0
2026-01-08 04:02:03.986: [INFO] BookmarkModelLoaded, ids_reassigned: 0
2026-01-08 04:02:03.986: [INFO] OnDoneLoading sync enabled: 1
2026-01-08 04:04:41.111: [INFO] VisibilityChanged: 0
2026-01-08 04:04:41.246: [INFO] BookmarkModelLoaded, ids_reassigned: 0
2026-01-08 04:04:41.246: [INFO] OnDoneLoading sync enabled: 1
2026-01-08 04:05:22.744: [INFO] Sync initialization duration: 6261ms
2026-01-08 04:55:37.862: [INFO] VisibilityChanged: 0
2026-01-08 04:55:37.927: [INFO] BookmarkModelLoaded, ids_reassigned: 0
2026-01-08 04:55:37.927: [INFO] OnDoneLoading sync enabled: 1
2026-01-08 04:55:43.818: [INFO] Sync initialization duration: 1148ms
2026-01-08 05:02:20.470: [INFO] VisibilityChanged: 0
2026-01-08 05:02:20.538: [INFO] BookmarkModelLoaded, ids_reassigned: 0
2026-01-08 05:02:20.538: [INFO] OnDoneLoading sync enabled: 1
2026-01-08 05:02:25.897: [INFO] Sync initialization duration: 870ms
2026-01-08 05:21:06.188: [INFO] VisibilityChanged: 0
2026-01-08 05:21:06.254: [INFO] BookmarkModelLoaded, ids_reassigned: 0
2026-01-08 05:21:06.254: [INFO] OnDoneLoading sync enabled: 1
2026-01-08 05:21:12.153: [INFO] Sync initialization duration: 1328ms
2026-01-08 05:30:45.436: [INFO] VisibilityChanged: 0
2026-01-08 05:30:45.501: [INFO] BookmarkModelLoaded, ids_reassigned: 0
2026-01-08 05:30:45.501: [INFO] OnDoneLoading sync enabled: 1
2026-01-08 05:30:51.463: [INFO] Sync initialization duration: 1423ms
2026-01-08 05:54:31.270: [INFO] VisibilityChanged: 0
2026-01-08 05:54:31.336: [INFO] BookmarkModelLoaded, ids_reassigned: 0
2026-01-08 05:54:31.336: [INFO] OnDoneLoading sync enabled: 1
2026-01-08 05:54:37.667: [INFO] Sync initialization duration: 1687ms
2026-01-08 05:59:28.328: [INFO] VisibilityChanged: 0
2026-01-08 05:59:28.403: [INFO] BookmarkModelLoaded, ids_reassigned: 0
2026-01-08 05:59:28.403: [INFO] OnDoneLoading sync enabled: 1
2026-01-08 05:59:34.800: [INFO] Sync initialization duration: 1674ms
2026-01-08 06:01:49.764: [INFO] VisibilityChanged: 0
2026-01-08 06:01:49.830: [INFO] BookmarkModelLoaded, ids_reassigned: 0
2026-01-08 06:01:49.830: [INFO] OnDoneLoading sync enabled: 1
2026-01-08 06:01:56.908: [INFO] Sync initialization duration: 2039ms
2026-01-08 06:06:32.542: [INFO] VisibilityChanged: 0
2026-01-08 06:06:32.611: [INFO] BookmarkModelLoaded, ids_reassigned: 0
2026-01-08 06:06:32.611: [INFO] OnDoneLoading sync enabled: 1
2026-01-08 06:07:48.907: [INFO] VisibilityChanged: 0
2026-01-08 06:07:48.974: [INFO] BookmarkModelLoaded, ids_reassigned: 0
2026-01-08 06:07:48.974: [INFO] OnDoneLoading sync enabled: 1
2026-01-08 06:08:20.188: [INFO] Sync initialization duration: 26938ms
2026-01-08 06:28:02.967: [INFO] VisibilityChanged: 0
2026-01-08 06:28:03.032: [INFO] BookmarkModelLoaded, ids_reassigned: 0
2026-01-08 06:28:03.032: [INFO] OnDoneLoading sync enabled: 1
2026-01-08 06:28:10.305: [INFO] Sync initialization duration: 2068ms
2026-01-08 06:32:25.506: [INFO] VisibilityChanged: 0
2026-01-08 06:32:25.574: [INFO] BookmarkModelLoaded, ids_reassigned: 0
2026-01-08 06:32:25.574: [INFO] OnDoneLoading sync enabled: 1
2026-01-08 06:32:31.392: [INFO] Sync initialization duration: 1294ms
2026-01-08 07:11:21.110: [INFO] VisibilityChanged: 0
2026-01-08 07:11:21.188: [INFO] BookmarkModelLoaded, ids_reassigned: 0
2026-01-08 07:11:21.188: [INFO] OnDoneLoading sync enabled: 1
2026-01-08 07:11:27.782: [INFO] Sync initialization duration: 1739ms
2026-01-08 07:13:04.149: [INFO] VisibilityChanged: 0
2026-01-08 07:13:04.217: [INFO] BookmarkModelLoaded, ids_reassigned: 0
2026-01-08 07:13:04.217: [INFO] OnDoneLoading sync enabled: 1
2026-01-08 07:14:45.935: [INFO] VisibilityChanged: 0
2026-01-08 07:14:45.995: [INFO] BookmarkModelLoaded, ids_reassigned: 0
2026-01-08 07:14:45.995: [INFO] OnDoneLoading sync enabled: 1
2026-01-08 07:15:18.255: [INFO] VisibilityChanged: 0
2026-01-08 07:15:18.321: [INFO] BookmarkModelLoaded, ids_reassigned: 0
2026-01-08 07:15:18.321: [INFO] OnDoneLoading sync enabled: 1
2026-01-08 07:15:24.121: [INFO] Sync initialization duration: 1330ms
2026-01-08 07:17:09.374: [INFO] VisibilityChanged: 0
2026-01-08 07:17:09.444: [INFO] BookmarkModelLoaded, ids_reassigned: 0
2026-01-08 07:17:09.444: [INFO] OnDoneLoading sync enabled: 1
2026-01-08 07:33:52.799: [INFO] VisibilityChanged: 0
2026-01-08 07:33:52.897: [INFO] BookmarkModelLoaded, ids_reassigned: 0
2026-01-08 07:33:52.897: [INFO] OnDoneLoading sync enabled: 1
2026-01-08 07:34:00.064: [INFO] Sync initialization duration: 2470ms
2026-01-08 07:40:24.615: [INFO] VisibilityChanged: 0
2026-01-08 07:40:24.681: [INFO] BookmarkModelLoaded, ids_reassigned: 0
2026-01-08 07:40:24.681: [INFO] OnDoneLoading sync enabled: 1
2026-01-08 07:40:55.967: [INFO] Sync initialization duration: 27096ms
2026-01-08 07:53:04.006: [INFO] VisibilityChanged: 0
2026-01-08 07:53:04.077: [INFO] BookmarkModelLoaded, ids_reassigned: 0
2026-01-08 07:53:04.077: [INFO] OnDoneLoading sync enabled: 1
2026-01-08 07:53:51.203: [INFO] Sync initialization duration: 46628ms
2026-01-08 07:54:18.002: [INFO] VisibilityChanged: 0
2026-01-08 07:54:18.075: [INFO] BookmarkModelLoaded, ids_reassigned: 0
2026-01-08 07:54:18.075: [INFO] OnDoneLoading sync enabled: 1
2026-01-08 07:54:19.712: [INFO] Sync initialization duration: 1095ms
2026-01-08 08:00:53.040: [INFO] VisibilityChanged: 0
2026-01-08 08:00:53.110: [INFO] BookmarkModelLoaded, ids_reassigned: 0
2026-01-08 08:00:53.110: [INFO] OnDoneLoading sync enabled: 1
2026-01-08 08:00:58.786: [INFO] Sync initialization duration: 1341ms
2026-01-08 08:18:09.030: [INFO] VisibilityChanged: 0
2026-01-08 08:18:09.099: [INFO] BookmarkModelLoaded, ids_reassigned: 0
2026-01-08 08:18:09.099: [INFO] OnDoneLoading sync enabled: 1
2026-01-08 08:18:15.752: [INFO] Sync initialization duration: 1836ms
2026-01-08 08:26:59.649: [INFO] VisibilityChanged: 0
2026-01-08 08:26:59.724: [INFO] BookmarkModelLoaded, ids_reassigned: 0
2026-01-08 08:26:59.724: [INFO] OnDoneLoading sync enabled: 1
2026-01-08 08:27:05.475: [INFO] Sync initialization duration: 908ms
2026-01-08 08:30:57.336: [INFO] VisibilityChanged: 0
2026-01-08 08:30:57.408: [INFO] BookmarkModelLoaded, ids_reassigned: 0
2026-01-08 08:30:57.408: [INFO] OnDoneLoading sync enabled: 1
2026-01-09 07:24:24.607: [INFO] VisibilityChanged: 0
2026-01-09 07:24:24.684: [INFO] BookmarkModelLoaded, ids_reassigned: 0
2026-01-09 07:24:24.684: [INFO] OnDoneLoading sync enabled: 1
2026-01-09 07:24:32.819: [INFO] Sync initialization duration: 1886ms
2026-01-12 04:58:36.999: [INFO] VisibilityChanged: 0
2026-01-12 04:58:37.070: [INFO] BookmarkModelLoaded, ids_reassigned: 0
2026-01-12 04:58:37.070: [INFO] OnDoneLoading sync enabled: 1
2026-01-12 04:58:45.346: [INFO] Sync initialization duration: 1255ms
2026-01-12 05:03:07.374: [INFO] VisibilityChanged: 0
2026-01-12 05:03:07.431: [INFO] BookmarkModelLoaded, ids_reassigned: 0
2026-01-12 05:03:07.431: [INFO] OnDoneLoading sync enabled: 1
2026-01-12 05:03:12.948: [INFO] Sync initialization duration: 995ms
2026-01-12 05:05:40.017: [INFO] VisibilityChanged: 0
2026-01-12 05:05:40.083: [INFO] BookmarkModelLoaded, ids_reassigned: 0
2026-01-12 05:05:40.083: [INFO] OnDoneLoading sync enabled: 1
2026-01-12 05:06:12.484: [INFO] Sync initialization duration: 27656ms
2026-01-12 05:11:02.206: [INFO] VisibilityChanged: 0
2026-01-12 05:11:02.265: [INFO] BookmarkModelLoaded, ids_reassigned: 0
2026-01-12 05:11:02.265: [INFO] OnDoneLoading sync enabled: 1
2026-01-12 05:11:08.322: [INFO] Sync initialization duration: 1467ms
2026-01-12 05:12:19.603: [INFO] VisibilityChanged: 0
2026-01-12 05:12:19.704: [INFO] BookmarkModelLoaded, ids_reassigned: 0
2026-01-12 05:12:19.705: [INFO] OnDoneLoading sync enabled: 1
2026-01-12 06:49:44.498: [INFO] VisibilityChanged: 0
2026-01-12 06:49:44.584: [INFO] BookmarkModelLoaded, ids_reassigned: 0
2026-01-12 06:49:44.584: [INFO] OnDoneLoading sync enabled: 1
2026-01-12 06:49:52.180: [INFO] Sync initialization duration: 1651ms
