{"logTime": "0108/080320", "correlationVector":"V0pSrINZz8mDbFCxS/ELPP.0","action":"Commit Response", "result":"Network error (ERR_NAME_NOT_RESOLVED)", "context":Result: Network error (ERR_NAME_NOT_RESOLVED). }
{"logTime": "0108/080333", "correlationVector":"uYEm9rbwQb2tmobs1dQ50l","action":"Commit Request", "result":"", "context":Item count: 7
Contributing types: Sessions, History}
{"logTime": "0108/080333", "correlationVector":"uYEm9rbwQb2tmobs1dQ50l","action":"SyncServerConnectionManagerRequest", "result":"CONNECTION_UNAVAILABLE", "context":{"error_type":"net_error_code", "error_value":"-105"}}
{"logTime": "0108/080333", "correlationVector":"hOF0zJGYm2Y2x7sYFNR+9b.0","action":"Commit Response", "result":"Network error (ERR_NAME_NOT_RESOLVED)", "context":Result: Network error (ERR_NAME_NOT_RESOLVED). }
{"logTime": "0108/080404", "correlationVector":"cyA2RedlkjHpKys+PRHPCm","action":"Commit Request", "result":"", "context":Item count: 7
Contributing types: Sessions, History}
{"logTime": "0108/080404", "correlationVector":"cyA2RedlkjHpKys+PRHPCm","action":"SyncServerConnectionManagerRequest", "result":"CONNECTION_UNAVAILABLE", "context":{"error_type":"net_error_code", "error_value":"-105"}}
{"logTime": "0108/080404", "correlationVector":"K9t33kk9+GpphNM2rVtT9r.0","action":"Commit Response", "result":"Network error (ERR_NAME_NOT_RESOLVED)", "context":Result: Network error (ERR_NAME_NOT_RESOLVED). }
{"logTime": "0108/080415", "correlationVector":"n/zgnMsS9gaCdoHHcuE04D","action":"Commit Request", "result":"", "context":Item count: 7
Contributing types: Sessions, History}
{"logTime": "0108/080417", "correlationVector":"n/zgnMsS9gaCdoHHcuE04D","action":"SyncServerConnectionManagerRequest", "result":"CONNECTION_UNAVAILABLE", "context":{"error_type":"net_error_code", "error_value":"-21"}}
{"logTime": "0108/080417", "correlationVector":"e3Bssd7eemuwodKHsGCh1h.0","action":"Commit Response", "result":"Network error (ERR_NETWORK_CHANGED)", "context":Result: Network error (ERR_NETWORK_CHANGED). }
{"logTime": "0108/080418", "correlationVector":"WOrs+Lj3LAxb57TSczHhVq","action":"Commit Request", "result":"", "context":Item count: 7
Contributing types: Sessions, History}
{"logTime": "0108/080419", "correlationVector":"WOrs+Lj3LAxb57TSczHhVq.1","action":"SyncServerConnectionManagerRequest", "result":"SYNC_SERVER_OK", "context":{"environment":"Prod_southeastasia_prod-s01-064-apac-southeastasia", "migrationStage":"NotStarted", "server":"akswtt10900000g"}}
{"logTime": "0108/080419", "correlationVector":"WOrs+Lj3LAxb57TSczHhVq.2","action":"Commit Response", "result":"Success", "context":Result: Success. cV=WOrs+Lj3LAxb57TSczHhVq.0;server=akswtt10900000g;cloudType=Consumer;environment=Prod_southeastasia_prod-s01-064-apac-southeastasia;migrationStage=NotStarted}
{"logTime": "0108/080452", "correlationVector":"+xHRrNjPSqHoZUyTj4Rcak","action":"Commit Request", "result":"", "context":Item count: 5
Contributing types: Sessions, History}
{"logTime": "0108/080452", "correlationVector":"+xHRrNjPSqHoZUyTj4Rcak.1","action":"SyncServerConnectionManagerRequest", "result":"SYNC_SERVER_OK", "context":{"environment":"Prod_southeastasia_prod-s01-064-apac-southeastasia", "migrationStage":"NotStarted", "server":"akswtt10900000i"}}
{"logTime": "0108/080452", "correlationVector":"+xHRrNjPSqHoZUyTj4Rcak.2","action":"Commit Response", "result":"Success", "context":Result: Success. cV=+xHRrNjPSqHoZUyTj4Rcak.0;server=akswtt10900000i;cloudType=Consumer;environment=Prod_southeastasia_prod-s01-064-apac-southeastasia;migrationStage=NotStarted}
{"logTime": "0108/080552", "correlationVector":"LfUKprw2n/UDrp38os6t9j","action":"Commit Request", "result":"", "context":Item count: 2
Contributing types: Sessions, History}
{"logTime": "0108/080552", "correlationVector":"LfUKprw2n/UDrp38os6t9j","action":"SyncServerConnectionManagerRequest", "result":"CONNECTION_UNAVAILABLE", "context":{"error_type":"net_error_code", "error_value":"-105"}}
{"logTime": "0108/080552", "correlationVector":"03vOhFj8UFGjr5Y+4PQDIY.0","action":"Commit Response", "result":"Network error (ERR_NAME_NOT_RESOLVED)", "context":Result: Network error (ERR_NAME_NOT_RESOLVED). }
{"logTime": "0108/080554", "correlationVector":"/IkHstq/pPaPwWCBJUo8tD","action":"Commit Request", "result":"", "context":Item count: 2
Contributing types: Sessions, History}
{"logTime": "0108/080554", "correlationVector":"/IkHstq/pPaPwWCBJUo8tD","action":"SyncServerConnectionManagerRequest", "result":"CONNECTION_UNAVAILABLE", "context":{"error_type":"net_error_code", "error_value":"-105"}}
{"logTime": "0108/080554", "correlationVector":"Aik1qMSoLkgrhH2+Kabtgw.0","action":"Commit Response", "result":"Network error (ERR_NAME_NOT_RESOLVED)", "context":Result: Network error (ERR_NAME_NOT_RESOLVED). }
{"logTime": "0108/080558", "correlationVector":"iijU3jTN0DGFjTZ/daM/MN","action":"Commit Request", "result":"", "context":Item count: 2
Contributing types: Sessions, History}
{"logTime": "0108/080558", "correlationVector":"iijU3jTN0DGFjTZ/daM/MN","action":"SyncServerConnectionManagerRequest", "result":"CONNECTION_UNAVAILABLE", "context":{"error_type":"net_error_code", "error_value":"-105"}}
{"logTime": "0108/080558", "correlationVector":"QrN/HY/nasqbEGYbXNbg2F.0","action":"Commit Response", "result":"Network error (ERR_NAME_NOT_RESOLVED)", "context":Result: Network error (ERR_NAME_NOT_RESOLVED). }
{"logTime": "0108/080603", "correlationVector":"K8qZUmgsJcevcV8XeseLUk","action":"Commit Request", "result":"", "context":Item count: 2
Contributing types: Sessions, History}
{"logTime": "0108/080603", "correlationVector":"K8qZUmgsJcevcV8XeseLUk","action":"SyncServerConnectionManagerRequest", "result":"CONNECTION_UNAVAILABLE", "context":{"error_type":"net_error_code", "error_value":"-105"}}
{"logTime": "0108/080603", "correlationVector":"BpqFXDLvSOnSJoXB1/L4Ge.0","action":"Commit Response", "result":"Network error (ERR_NAME_NOT_RESOLVED)", "context":Result: Network error (ERR_NAME_NOT_RESOLVED). }
{"logTime": "0108/080617", "correlationVector":"7u7bkZ9vm+P2POWLgw+zja","action":"Commit Request", "result":"", "context":Item count: 2
Contributing types: Sessions, History}
{"logTime": "0108/080617", "correlationVector":"7u7bkZ9vm+P2POWLgw+zja","action":"SyncServerConnectionManagerRequest", "result":"CONNECTION_UNAVAILABLE", "context":{"error_type":"net_error_code", "error_value":"-105"}}
{"logTime": "0108/080617", "correlationVector":"kX3ELC/I7N3WMO4By7DTJY.0","action":"Commit Response", "result":"Network error (ERR_NAME_NOT_RESOLVED)", "context":Result: Network error (ERR_NAME_NOT_RESOLVED). }
{"logTime": "0108/080638", "correlationVector":"TpqFInvcbnWjo8Uo0xaxus","action":"Commit Request", "result":"", "context":Item count: 2
Contributing types: Sessions, History}
{"logTime": "0108/080638", "correlationVector":"TpqFInvcbnWjo8Uo0xaxus","action":"SyncServerConnectionManagerRequest", "result":"CONNECTION_UNAVAILABLE", "context":{"error_type":"net_error_code", "error_value":"-105"}}
{"logTime": "0108/080638", "correlationVector":"urnb7DnNh6Mq8ytaAmBLw7.0","action":"Commit Response", "result":"Network error (ERR_NAME_NOT_RESOLVED)", "context":Result: Network error (ERR_NAME_NOT_RESOLVED). }
{"logTime": "0108/081814", "correlationVector":"6IcTooqY+UaG3IGbFdlJoB.1","action":"SyncServerConnectionManagerRequest", "result":"SYNC_SERVER_OK", "context":{"environment":"Prod_southeastasia_prod-s01-064-apac-southeastasia", "migrationStage":"NotStarted", "server":"akswtt109000007"}}
{"logTime": "0108/081814", "correlationVector":"6IcTooqY+UaG3IGbFdlJoB.2","action":"ProcessGetUpdates", "result":"Done", "context":{"dataType":"Encryption Keys", "deleted":"0", "process_failed_to_decrypt":"0", "process_pending_decryption":"0", "process_success":"1", "total":"1"}}
{"logTime": "0108/081815", "correlationVector":"WebS3Fjqn/t64oqnPbzIGk","action":"SyncServerConnectionManagerRequest", "result":"SYNC_SERVER_OK", "context":{"environment":"", "migrationStage":"", "server":""}}
{"logTime": "0108/081815", "correlationVector":"WebS3Fjqn/t64oqnPbzIGk.0","action":"EncryptionKeysFetcher.DownloadKeys:", "result":"Success", "context":Key count: 4, Last key timestamp: 2025-08-11T10:20:00Z}
{"logTime": "0108/081815", "correlationVector":"WebS3Fjqn/t64oqnPbzIGk.1","action":"EncryptionKeysManager::SetEncryptionKeys:", "result":"Success", "context":Key names[4]:[9tVTUc607S1JFPWmyPX4b4D1aQdHtDu6d2TthjD0EkIklreuiLm+nf8jNdKHuLDraC8mrVpcDblHWj8nLUQitw==][4KPGTsp1vUWTBhFEdqLRJR9sxWMUp0VoS2xW3XA4/ABkR4PoGkskdj6b1Umkh+NiRq0pNSSRVPAAB0BpRvvA1Q==][4DzdgS1/z/PzyI+crALdsTjuH1EoHudFoICqUtT1aic0mfO5GoT9as3kDqd7Ki8WT9OOYL718m2itCAsnNva/w==][nUFD+M7rBWKgXTuDCoVIAcS3Oq/Q+TsBc/RyfuLJ8t8j0y+C6kQJF7QTyMRDbTyP9+5fM19T83wB86da7omMlA==]}
{"logTime": "0108/081815", "correlationVector":"WebS3Fjqn/t64oqnPbzIGk.2","action":"EncryptionKeysManager::SetEncryptionKeysWithTimestamps:", "result":"Success", "context":Key timestamps[4]:[2024-04-11T08:35:16Z][2024-04-24T07:22:02Z][2024-10-22T05:22:45Z][2025-08-11T10:20:00Z]}
{"logTime": "0108/081815", "correlationVector":"6IcTooqY+UaG3IGbFdlJoB","action":"Initial GetUpdates", "result":"", "context":Reason: NEW_CLIENT. cV=6IcTooqY+UaG3IGbFdlJoB}
{"logTime": "0108/081815", "correlationVector":"6IcTooqY+UaG3IGbFdlJoB.3","action":"GetUpdates Response", "result":"Success", "context":Received 1 update(s). cV=6IcTooqY+UaG3IGbFdlJoB.0;server=akswtt109000007;cloudType=Consumer;environment=Prod_southeastasia_prod-s01-064-apac-southeastasia;migrationStage=NotStarted}
{"logTime": "0108/081815", "correlationVector":"pgzCM3Kz7GAednVPyHZfm8","action":"Initial GetUpdates", "result":"", "context":Reason: NEWLY_SUPPORTED_DATATYPE. cV=pgzCM3Kz7GAednVPyHZfm8}
{"logTime": "0108/081815", "correlationVector":"pgzCM3Kz7GAednVPyHZfm8.1","action":"SyncServerConnectionManagerRequest", "result":"SYNC_SERVER_OK", "context":{"environment":"Prod_southeastasia_prod-s01-064-apac-southeastasia", "migrationStage":"NotStarted", "server":"akswtt10900000n"}}
{"logTime": "0108/081815", "correlationVector":"pgzCM3Kz7GAednVPyHZfm8.2","action":"ProcessGetUpdates", "result":"Done", "context":{"dataType":"Passwords", "deleted":"0", "process_failed_to_decrypt":"0", "process_pending_decryption":"0", "process_success":"12", "total":"12"}}
{"logTime": "0108/081815", "correlationVector":"pgzCM3Kz7GAednVPyHZfm8.3","action":"GetUpdates Response", "result":"Success", "context":Received 12 update(s). cV=pgzCM3Kz7GAednVPyHZfm8.0;server=akswtt10900000n;cloudType=Consumer;environment=Prod_southeastasia_prod-s01-064-apac-southeastasia;migrationStage=NotStarted}
{"logTime": "0108/081815", "correlationVector":"eeJ3NsDBHXzbcbmDFBB5Av","action":"Normal GetUpdate request", "result":"", "context":cV=eeJ3NsDBHXzbcbmDFBB5Av
Nudged types: Sessions, Device Info, History
Refresh requested types: Bookmarks, Preferences, Passwords, Autofill Profiles, Autofill, Extensions, Sessions, Extension settings, History Delete Directives, Device Info, User Consents, Send Tab To Self, Web Apps, History, Saved Tab Group, WebAuthn Credentials, Collection, Edge E Drop, Edge Hub App Usage, Edge Wallet, Encryption Keys}
{"logTime": "0108/081816", "correlationVector":"eeJ3NsDBHXzbcbmDFBB5Av.1","action":"SyncServerConnectionManagerRequest", "result":"SYNC_SERVER_OK", "context":{"environment":"Prod_southeastasia_prod-s01-064-apac-southeastasia", "migrationStage":"NotStarted", "server":"akswtt10900000o"}}
{"logTime": "0108/081816", "correlationVector":"eeJ3NsDBHXzbcbmDFBB5Av.2","action":"ProcessGetUpdates", "result":"Done", "context":{"dataType":"Preferences", "deleted":"0", "process_failed_to_decrypt":"0", "process_pending_decryption":"0", "process_success":"1", "total":"1"}}
{"logTime": "0108/081816", "correlationVector":"eeJ3NsDBHXzbcbmDFBB5Av.3","action":"ProcessGetUpdates", "result":"Done", "context":{"dataType":"Sessions", "deleted":"1", "process_failed_to_decrypt":"0", "process_pending_decryption":"0", "process_success":"4", "total":"4"}}
{"logTime": "0108/081816", "correlationVector":"eeJ3NsDBHXzbcbmDFBB5Av.4","action":"ProcessGetUpdates", "result":"Done", "context":{"dataType":"History", "deleted":"0", "process_failed_to_decrypt":"0", "process_pending_decryption":"0", "process_success":"13", "total":"13"}}
{"logTime": "0108/081816", "correlationVector":"eeJ3NsDBHXzbcbmDFBB5Av.5","action":"GetUpdates Response", "result":"Success", "context":Received 18 update(s). cV=eeJ3NsDBHXzbcbmDFBB5Av.0;server=akswtt10900000o;cloudType=Consumer;environment=Prod_southeastasia_prod-s01-064-apac-southeastasia;migrationStage=NotStarted}
{"logTime": "0108/081816", "correlationVector":"jzte7xMfRaFm98QCCrjX2G","action":"Commit Request", "result":"", "context":Item count: 5
Contributing types: Sessions, Device Info, History}
{"logTime": "0108/081816", "correlationVector":"jzte7xMfRaFm98QCCrjX2G.1","action":"SyncServerConnectionManagerRequest", "result":"SYNC_SERVER_OK", "context":{"environment":"Prod_southeastasia_prod-s01-064-apac-southeastasia", "migrationStage":"NotStarted", "server":"akswtt10900000m"}}
{"logTime": "0108/081816", "correlationVector":"jzte7xMfRaFm98QCCrjX2G.3","action":"Commit.Sessions", "result":"Success", "context":{"id":"cb470f80-4b6f-4905-9e32-7db772c8f53d", "isDeleted":"true", "size":"0", "version":"1767859492181"}}
{"logTime": "0108/081816", "correlationVector":"jzte7xMfRaFm98QCCrjX2G.2","action":"Commit Response", "result":"Success", "context":Result: Success. cV=jzte7xMfRaFm98QCCrjX2G.0;server=akswtt10900000m;cloudType=Consumer;environment=Prod_southeastasia_prod-s01-064-apac-southeastasia;migrationStage=NotStarted}
{"logTime": "0108/081816", "correlationVector":"kFerqBXUbfHQamUHik90h8","action":"Commit Request", "result":"", "context":Item count: 2
Contributing types: Sessions, History}
{"logTime": "0108/081817", "correlationVector":"kFerqBXUbfHQamUHik90h8.1","action":"SyncServerConnectionManagerRequest", "result":"SYNC_SERVER_OK", "context":{"environment":"Prod_southeastasia_prod-s01-064-apac-southeastasia", "migrationStage":"NotStarted", "server":"akswtt10900000n"}}
{"logTime": "0108/081817", "correlationVector":"kFerqBXUbfHQamUHik90h8.2","action":"Commit Response", "result":"Success", "context":Result: Success. cV=kFerqBXUbfHQamUHik90h8.0;server=akswtt10900000n;cloudType=Consumer;environment=Prod_southeastasia_prod-s01-064-apac-southeastasia;migrationStage=NotStarted}
{"logTime": "0108/081817", "correlationVector":"XDiT+PcrYPdg5mu4r3w8M3","action":"Commit Request", "result":"", "context":Item count: 5
Contributing types: Preferences, Passwords}
{"logTime": "0108/081817", "correlationVector":"XDiT+PcrYPdg5mu4r3w8M3.1","action":"SyncServerConnectionManagerRequest", "result":"SYNC_SERVER_OK", "context":{"environment":"Prod_southeastasia_prod-s01-064-apac-southeastasia", "migrationStage":"NotStarted", "server":"akswtt10900000c"}}
{"logTime": "0108/081817", "correlationVector":"XDiT+PcrYPdg5mu4r3w8M3.2","action":"Commit Response", "result":"Success", "context":Result: Success. cV=XDiT+PcrYPdg5mu4r3w8M3.0;server=akswtt10900000c;cloudType=Consumer;environment=Prod_southeastasia_prod-s01-064-apac-southeastasia;migrationStage=NotStarted}
{"logTime": "0108/081820", "correlationVector":"uwuWDKGHUW6ru4gXZt5c/E","action":"Commit Request", "result":"", "context":Item count: 1
Contributing types: Device Info}
{"logTime": "0108/081820", "correlationVector":"uwuWDKGHUW6ru4gXZt5c/E.1","action":"SyncServerConnectionManagerRequest", "result":"SYNC_SERVER_OK", "context":{"environment":"Prod_southeastasia_prod-s01-064-apac-southeastasia", "migrationStage":"NotStarted", "server":"akswtt109000009"}}
{"logTime": "0108/081820", "correlationVector":"uwuWDKGHUW6ru4gXZt5c/E.2","action":"Commit Response", "result":"Success", "context":Result: Success. cV=uwuWDKGHUW6ru4gXZt5c/E.0;server=akswtt109000009;cloudType=Consumer;environment=Prod_southeastasia_prod-s01-064-apac-southeastasia;migrationStage=NotStarted}
{"logTime": "0108/082704", "correlationVector":"8mQlLcAwEDLabxwxEy2q/k.1","action":"SyncServerConnectionManagerRequest", "result":"SYNC_SERVER_OK", "context":{"environment":"Prod_southeastasia_prod-s01-065-apac-southeastasia", "migrationStage":"NotStarted", "server":"akswtt10900000t"}}
{"logTime": "0108/082704", "correlationVector":"8mQlLcAwEDLabxwxEy2q/k.2","action":"ProcessGetUpdates", "result":"Done", "context":{"dataType":"Encryption Keys", "deleted":"0", "process_failed_to_decrypt":"0", "process_pending_decryption":"0", "process_success":"1", "total":"1"}}
{"logTime": "0108/082705", "correlationVector":"8GhkXi7O9uEZbKONR0HVXa","action":"SyncServerConnectionManagerRequest", "result":"SYNC_SERVER_OK", "context":{"environment":"", "migrationStage":"", "server":""}}
{"logTime": "0108/082705", "correlationVector":"8GhkXi7O9uEZbKONR0HVXa.0","action":"EncryptionKeysFetcher.DownloadKeys:", "result":"Success", "context":Key count: 4, Last key timestamp: 2025-08-11T10:20:00Z}
{"logTime": "0108/082705", "correlationVector":"8GhkXi7O9uEZbKONR0HVXa.1","action":"EncryptionKeysManager::SetEncryptionKeys:", "result":"Success", "context":Key names[4]:[9tVTUc607S1JFPWmyPX4b4D1aQdHtDu6d2TthjD0EkIklreuiLm+nf8jNdKHuLDraC8mrVpcDblHWj8nLUQitw==][4KPGTsp1vUWTBhFEdqLRJR9sxWMUp0VoS2xW3XA4/ABkR4PoGkskdj6b1Umkh+NiRq0pNSSRVPAAB0BpRvvA1Q==][4DzdgS1/z/PzyI+crALdsTjuH1EoHudFoICqUtT1aic0mfO5GoT9as3kDqd7Ki8WT9OOYL718m2itCAsnNva/w==][nUFD+M7rBWKgXTuDCoVIAcS3Oq/Q+TsBc/RyfuLJ8t8j0y+C6kQJF7QTyMRDbTyP9+5fM19T83wB86da7omMlA==]}
{"logTime": "0108/082705", "correlationVector":"8GhkXi7O9uEZbKONR0HVXa.2","action":"EncryptionKeysManager::SetEncryptionKeysWithTimestamps:", "result":"Success", "context":Key timestamps[4]:[2024-04-11T08:35:16Z][2024-04-24T07:22:02Z][2024-10-22T05:22:45Z][2025-08-11T10:20:00Z]}
{"logTime": "0108/082705", "correlationVector":"8mQlLcAwEDLabxwxEy2q/k","action":"Initial GetUpdates", "result":"", "context":Reason: NEW_CLIENT. cV=8mQlLcAwEDLabxwxEy2q/k}
{"logTime": "0108/082705", "correlationVector":"8mQlLcAwEDLabxwxEy2q/k.3","action":"GetUpdates Response", "result":"Success", "context":Received 1 update(s). cV=8mQlLcAwEDLabxwxEy2q/k.0;server=akswtt10900000t;cloudType=Consumer;environment=Prod_southeastasia_prod-s01-065-apac-southeastasia;migrationStage=NotStarted}
{"logTime": "0108/082705", "correlationVector":"tPJWLRUK2gG8BLWuxBBD0l","action":"Initial GetUpdates", "result":"", "context":Reason: NEWLY_SUPPORTED_DATATYPE. cV=tPJWLRUK2gG8BLWuxBBD0l}
{"logTime": "0108/082705", "correlationVector":"tPJWLRUK2gG8BLWuxBBD0l.1","action":"SyncServerConnectionManagerRequest", "result":"SYNC_SERVER_OK", "context":{"environment":"Prod_southeastasia_prod-s01-065-apac-southeastasia", "migrationStage":"NotStarted", "server":"akswtt10900000c"}}
{"logTime": "0108/082705", "correlationVector":"tPJWLRUK2gG8BLWuxBBD0l.2","action":"ProcessGetUpdates", "result":"Done", "context":{"dataType":"Passwords", "deleted":"0", "process_failed_to_decrypt":"0", "process_pending_decryption":"0", "process_success":"12", "total":"12"}}
{"logTime": "0108/082705", "correlationVector":"tPJWLRUK2gG8BLWuxBBD0l.3","action":"GetUpdates Response", "result":"Success", "context":Received 12 update(s). cV=tPJWLRUK2gG8BLWuxBBD0l.0;server=akswtt10900000c;cloudType=Consumer;environment=Prod_southeastasia_prod-s01-065-apac-southeastasia;migrationStage=NotStarted}
{"logTime": "0108/082705", "correlationVector":"XmRJ8ke4P8Y6ovI30+ihl1","action":"Normal GetUpdate request", "result":"", "context":cV=XmRJ8ke4P8Y6ovI30+ihl1
Nudged types: Sessions, Device Info, History
Refresh requested types: Bookmarks, Preferences, Passwords, Autofill Profiles, Autofill, Extensions, Sessions, Extension settings, History Delete Directives, Device Info, User Consents, Send Tab To Self, Web Apps, History, Saved Tab Group, WebAuthn Credentials, Collection, Edge E Drop, Edge Hub App Usage, Edge Wallet, Encryption Keys}
{"logTime": "0108/082705", "correlationVector":"XmRJ8ke4P8Y6ovI30+ihl1.1","action":"SyncServerConnectionManagerRequest", "result":"SYNC_SERVER_OK", "context":{"environment":"Prod_southeastasia_prod-s01-065-apac-southeastasia", "migrationStage":"NotStarted", "server":"akswtt109000001"}}
{"logTime": "0108/082705", "correlationVector":"XmRJ8ke4P8Y6ovI30+ihl1.2","action":"ProcessGetUpdates", "result":"Done", "context":{"dataType":"Preferences", "deleted":"0", "process_failed_to_decrypt":"0", "process_pending_decryption":"0", "process_success":"1", "total":"1"}}
{"logTime": "0108/082705", "correlationVector":"XmRJ8ke4P8Y6ovI30+ihl1.3","action":"ProcessGetUpdates", "result":"Done", "context":{"dataType":"Sessions", "deleted":"2", "process_failed_to_decrypt":"0", "process_pending_decryption":"0", "process_success":"4", "total":"4"}}
{"logTime": "0108/082705", "correlationVector":"XmRJ8ke4P8Y6ovI30+ihl1.4","action":"ProcessGetUpdates", "result":"Done", "context":{"dataType":"History", "deleted":"0", "process_failed_to_decrypt":"0", "process_pending_decryption":"0", "process_success":"2", "total":"2"}}
{"logTime": "0108/082705", "correlationVector":"XmRJ8ke4P8Y6ovI30+ihl1.5","action":"GetUpdates Response", "result":"Success", "context":Received 7 update(s). cV=XmRJ8ke4P8Y6ovI30+ihl1.0;server=akswtt109000001;cloudType=Consumer;environment=Prod_southeastasia_prod-s01-065-apac-southeastasia;migrationStage=NotStarted}
{"logTime": "0108/082705", "correlationVector":"OLPHe5S+bBwXw2JR97jpsf","action":"Commit Request", "result":"", "context":Item count: 1
Contributing types: Device Info}
{"logTime": "0108/082705", "correlationVector":"OLPHe5S+bBwXw2JR97jpsf.1","action":"SyncServerConnectionManagerRequest", "result":"SYNC_SERVER_OK", "context":{"environment":"Prod_southeastasia_prod-s01-065-apac-southeastasia", "migrationStage":"NotStarted", "server":"akswtt10900000m"}}
{"logTime": "0108/082705", "correlationVector":"OLPHe5S+bBwXw2JR97jpsf.2","action":"Commit Response", "result":"Success", "context":Result: Success. cV=OLPHe5S+bBwXw2JR97jpsf.0;server=akswtt10900000m;cloudType=Consumer;environment=Prod_southeastasia_prod-s01-065-apac-southeastasia;migrationStage=NotStarted}
{"logTime": "0108/082707", "correlationVector":"iPRcPuJUr78JyEqD/VvZiP","action":"Commit Request", "result":"", "context":Item count: 5
Contributing types: Preferences, Passwords}
{"logTime": "0108/082707", "correlationVector":"iPRcPuJUr78JyEqD/VvZiP.1","action":"SyncServerConnectionManagerRequest", "result":"SYNC_SERVER_OK", "context":{"environment":"Prod_southeastasia_prod-s01-065-apac-southeastasia", "migrationStage":"NotStarted", "server":"akswtt10900000c"}}
{"logTime": "0108/082707", "correlationVector":"iPRcPuJUr78JyEqD/VvZiP.2","action":"Commit Response", "result":"Success", "context":Result: Success. cV=iPRcPuJUr78JyEqD/VvZiP.0;server=akswtt10900000c;cloudType=Consumer;environment=Prod_southeastasia_prod-s01-065-apac-southeastasia;migrationStage=NotStarted}
{"logTime": "0108/082711", "correlationVector":"EwtkqECGHuhwftEEATKElM","action":"Commit Request", "result":"", "context":Item count: 4
Contributing types: Sessions, Device Info, History}
{"logTime": "0108/082711", "correlationVector":"EwtkqECGHuhwftEEATKElM.1","action":"SyncServerConnectionManagerRequest", "result":"SYNC_SERVER_OK", "context":{"environment":"Prod_southeastasia_prod-s01-065-apac-southeastasia", "migrationStage":"NotStarted", "server":"akswtt10900000a"}}
{"logTime": "0108/082711", "correlationVector":"EwtkqECGHuhwftEEATKElM.2","action":"Commit Response", "result":"Success", "context":Result: Success. cV=EwtkqECGHuhwftEEATKElM.0;server=akswtt10900000a;cloudType=Consumer;environment=Prod_southeastasia_prod-s01-065-apac-southeastasia;migrationStage=NotStarted}
{"logTime": "0108/082923", "correlationVector":"N8Wd+qTxE8Sd30fnAR5Jn/","action":"Commit Request", "result":"", "context":Item count: 4
Contributing types: Sessions, History}
{"logTime": "0108/082923", "correlationVector":"N8Wd+qTxE8Sd30fnAR5Jn/","action":"SyncServerConnectionManagerRequest", "result":"CONNECTION_UNAVAILABLE", "context":{"error_type":"net_error_code", "error_value":"-105"}}
{"logTime": "0108/082923", "correlationVector":"kEqjwo6pgFGNEmA90sdkki.0","action":"Commit Response", "result":"Network error (ERR_NAME_NOT_RESOLVED)", "context":Result: Network error (ERR_NAME_NOT_RESOLVED). }
{"logTime": "0108/082926", "correlationVector":"wAsAs8kTYgYivV5WOc6NFp","action":"Commit Request", "result":"", "context":Item count: 4
Contributing types: Sessions, History}
{"logTime": "0108/082926", "correlationVector":"wAsAs8kTYgYivV5WOc6NFp","action":"SyncServerConnectionManagerRequest", "result":"CONNECTION_UNAVAILABLE", "context":{"error_type":"net_error_code", "error_value":"-105"}}
{"logTime": "0108/082926", "correlationVector":"BsRSN+Lw71My8ueNNFmPnF.0","action":"Commit Response", "result":"Network error (ERR_NAME_NOT_RESOLVED)", "context":Result: Network error (ERR_NAME_NOT_RESOLVED). }
{"logTime": "0108/082932", "correlationVector":"Hd6lD3leho2XNK1GU213mU","action":"Commit Request", "result":"", "context":Item count: 4
Contributing types: Sessions, History}
{"logTime": "0108/082938", "correlationVector":"Hd6lD3leho2XNK1GU213mU","action":"SyncServerConnectionManagerRequest", "result":"CONNECTION_UNAVAILABLE", "context":{"error_type":"net_error_code", "error_value":"-105"}}
{"logTime": "0108/082938", "correlationVector":"jvkTWD3nm+i9HAC5qa4eYJ.0","action":"Commit Response", "result":"Network error (ERR_NAME_NOT_RESOLVED)", "context":Result: Network error (ERR_NAME_NOT_RESOLVED). }
{"logTime": "0108/082954", "correlationVector":"HSe44eZTSUN+U0EePDxroy","action":"Commit Request", "result":"", "context":Item count: 4
Contributing types: Sessions, History}
{"logTime": "0108/083000", "correlationVector":"HSe44eZTSUN+U0EePDxroy","action":"SyncServerConnectionManagerRequest", "result":"CONNECTION_UNAVAILABLE", "context":{"error_type":"net_error_code", "error_value":"-105"}}
{"logTime": "0108/083000", "correlationVector":"fid4Mi3XsfRVTnNBRSO8vD.0","action":"Commit Response", "result":"Network error (ERR_NAME_NOT_RESOLVED)", "context":Result: Network error (ERR_NAME_NOT_RESOLVED). }
{"logTime": "0109/072431", "correlationVector":"BqKi+Aa4vbzUuXau8FB6vG.1","action":"SyncServerConnectionManagerRequest", "result":"SYNC_SERVER_OK", "context":{"environment":"Prod_southeastasia_prod-s01-064-apac-southeastasia", "migrationStage":"NotStarted", "server":"akswtt10900000i"}}
{"logTime": "0109/072431", "correlationVector":"BqKi+Aa4vbzUuXau8FB6vG.2","action":"ProcessGetUpdates", "result":"Done", "context":{"dataType":"Encryption Keys", "deleted":"0", "process_failed_to_decrypt":"0", "process_pending_decryption":"0", "process_success":"1", "total":"1"}}
{"logTime": "0109/072432", "correlationVector":"SVv5z1hn84XVJDNjeR9f5B","action":"SyncServerConnectionManagerRequest", "result":"SYNC_SERVER_OK", "context":{"environment":"", "migrationStage":"", "server":""}}
{"logTime": "0109/072432", "correlationVector":"SVv5z1hn84XVJDNjeR9f5B.0","action":"EncryptionKeysFetcher.DownloadKeys:", "result":"Success", "context":Key count: 4, Last key timestamp: 2025-08-11T10:20:00Z}
{"logTime": "0109/072432", "correlationVector":"SVv5z1hn84XVJDNjeR9f5B.1","action":"EncryptionKeysManager::SetEncryptionKeys:", "result":"Success", "context":Key names[4]:[9tVTUc607S1JFPWmyPX4b4D1aQdHtDu6d2TthjD0EkIklreuiLm+nf8jNdKHuLDraC8mrVpcDblHWj8nLUQitw==][4KPGTsp1vUWTBhFEdqLRJR9sxWMUp0VoS2xW3XA4/ABkR4PoGkskdj6b1Umkh+NiRq0pNSSRVPAAB0BpRvvA1Q==][4DzdgS1/z/PzyI+crALdsTjuH1EoHudFoICqUtT1aic0mfO5GoT9as3kDqd7Ki8WT9OOYL718m2itCAsnNva/w==][nUFD+M7rBWKgXTuDCoVIAcS3Oq/Q+TsBc/RyfuLJ8t8j0y+C6kQJF7QTyMRDbTyP9+5fM19T83wB86da7omMlA==]}
{"logTime": "0109/072432", "correlationVector":"SVv5z1hn84XVJDNjeR9f5B.2","action":"EncryptionKeysManager::SetEncryptionKeysWithTimestamps:", "result":"Success", "context":Key timestamps[4]:[2024-04-11T08:35:16Z][2024-04-24T07:22:02Z][2024-10-22T05:22:45Z][2025-08-11T10:20:00Z]}
{"logTime": "0109/072432", "correlationVector":"BqKi+Aa4vbzUuXau8FB6vG","action":"Initial GetUpdates", "result":"", "context":Reason: NEW_CLIENT. cV=BqKi+Aa4vbzUuXau8FB6vG}
{"logTime": "0109/072432", "correlationVector":"BqKi+Aa4vbzUuXau8FB6vG.3","action":"GetUpdates Response", "result":"Success", "context":Received 1 update(s). cV=BqKi+Aa4vbzUuXau8FB6vG.0;server=akswtt10900000i;cloudType=Consumer;environment=Prod_southeastasia_prod-s01-064-apac-southeastasia;migrationStage=NotStarted}
{"logTime": "0109/072432", "correlationVector":"wVt4YmYU0+xWrg9MYqASpv","action":"Initial GetUpdates", "result":"", "context":Reason: NEWLY_SUPPORTED_DATATYPE. cV=wVt4YmYU0+xWrg9MYqASpv}
{"logTime": "0109/072432", "correlationVector":"wVt4YmYU0+xWrg9MYqASpv.1","action":"SyncServerConnectionManagerRequest", "result":"SYNC_SERVER_OK", "context":{"environment":"Prod_southeastasia_prod-s01-064-apac-southeastasia", "migrationStage":"NotStarted", "server":"akswtt109000001"}}
{"logTime": "0109/072432", "correlationVector":"wVt4YmYU0+xWrg9MYqASpv.2","action":"ProcessGetUpdates", "result":"Done", "context":{"dataType":"Passwords", "deleted":"0", "process_failed_to_decrypt":"0", "process_pending_decryption":"0", "process_success":"12", "total":"12"}}
{"logTime": "0109/072432", "correlationVector":"wVt4YmYU0+xWrg9MYqASpv.3","action":"GetUpdates Response", "result":"Success", "context":Received 12 update(s). cV=wVt4YmYU0+xWrg9MYqASpv.0;server=akswtt109000001;cloudType=Consumer;environment=Prod_southeastasia_prod-s01-064-apac-southeastasia;migrationStage=NotStarted}
{"logTime": "0109/072432", "correlationVector":"TcVbbzjKRphxg8ww+ejhfj","action":"Normal GetUpdate request", "result":"", "context":cV=TcVbbzjKRphxg8ww+ejhfj
Nudged types: Sessions, Device Info, History
Refresh requested types: Bookmarks, Preferences, Passwords, Autofill Profiles, Autofill, Extensions, Sessions, Extension settings, History Delete Directives, Device Info, User Consents, Send Tab To Self, Web Apps, History, Saved Tab Group, WebAuthn Credentials, Collection, Edge E Drop, Edge Hub App Usage, Edge Wallet, Encryption Keys}
{"logTime": "0109/072433", "correlationVector":"TcVbbzjKRphxg8ww+ejhfj.1","action":"SyncServerConnectionManagerRequest", "result":"SYNC_SERVER_OK", "context":{"environment":"Prod_southeastasia_prod-s01-064-apac-southeastasia", "migrationStage":"NotStarted", "server":"akswtt10900000r"}}
{"logTime": "0109/072433", "correlationVector":"TcVbbzjKRphxg8ww+ejhfj.2","action":"ProcessGetUpdates", "result":"Done", "context":{"dataType":"Preferences", "deleted":"0", "process_failed_to_decrypt":"0", "process_pending_decryption":"0", "process_success":"1", "total":"1"}}
{"logTime": "0109/072433", "correlationVector":"TcVbbzjKRphxg8ww+ejhfj.3","action":"ProcessGetUpdates", "result":"Done", "context":{"dataType":"Sessions", "deleted":"2", "process_failed_to_decrypt":"0", "process_pending_decryption":"0", "process_success":"6", "total":"6"}}
{"logTime": "0109/072433", "correlationVector":"TcVbbzjKRphxg8ww+ejhfj.4","action":"ProcessGetUpdates", "result":"Done", "context":{"dataType":"History", "deleted":"0", "process_failed_to_decrypt":"0", "process_pending_decryption":"0", "process_success":"16", "total":"16"}}
{"logTime": "0109/072433", "correlationVector":"TcVbbzjKRphxg8ww+ejhfj.5","action":"GetUpdates Response", "result":"Success", "context":Received 23 update(s). cV=TcVbbzjKRphxg8ww+ejhfj.0;server=akswtt10900000r;cloudType=Consumer;environment=Prod_southeastasia_prod-s01-064-apac-southeastasia;migrationStage=NotStarted}
{"logTime": "0109/072433", "correlationVector":"IkSFRpPFAur9kgdPaoi0K8","action":"Commit Request", "result":"", "context":Item count: 7
Contributing types: Sessions, Device Info, History}
{"logTime": "0109/072433", "correlationVector":"IkSFRpPFAur9kgdPaoi0K8.1","action":"SyncServerConnectionManagerRequest", "result":"SYNC_SERVER_OK", "context":{"environment":"Prod_southeastasia_prod-s01-064-apac-southeastasia", "migrationStage":"NotStarted", "server":"akswtt109000003"}}
{"logTime": "0109/072433", "correlationVector":"IkSFRpPFAur9kgdPaoi0K8.3","action":"Commit.Sessions", "result":"Success", "context":{"id":"d79284c1-ab08-4785-8ec3-738888123851", "isDeleted":"true", "size":"0", "version":"1767862658695"}}
{"logTime": "0109/072433", "correlationVector":"IkSFRpPFAur9kgdPaoi0K8.2","action":"Commit Response", "result":"Success", "context":Result: Success. cV=IkSFRpPFAur9kgdPaoi0K8.0;server=akswtt109000003;cloudType=Consumer;environment=Prod_southeastasia_prod-s01-064-apac-southeastasia;migrationStage=NotStarted}
{"logTime": "0109/072433", "correlationVector":"bjZCKN9YZ7jIexPZU5p+qY","action":"Commit Request", "result":"", "context":Item count: 1
Contributing types: Sessions}
{"logTime": "0109/072434", "correlationVector":"bjZCKN9YZ7jIexPZU5p+qY.1","action":"SyncServerConnectionManagerRequest", "result":"SYNC_SERVER_OK", "context":{"environment":"Prod_southeastasia_prod-s01-064-apac-southeastasia", "migrationStage":"NotStarted", "server":"akswtt10900000r"}}
{"logTime": "0109/072434", "correlationVector":"bjZCKN9YZ7jIexPZU5p+qY.2","action":"Commit Response", "result":"Success", "context":Result: Success. cV=bjZCKN9YZ7jIexPZU5p+qY.0;server=akswtt10900000r;cloudType=Consumer;environment=Prod_southeastasia_prod-s01-064-apac-southeastasia;migrationStage=NotStarted}
{"logTime": "0109/072434", "correlationVector":"2Ethlk2FqpXHMDZt4/FbKP","action":"Poll GetUpdate request", "result":"", "context":cV=2Ethlk2FqpXHMDZt4/FbKP}
{"logTime": "0109/072434", "correlationVector":"2Ethlk2FqpXHMDZt4/FbKP.1","action":"SyncServerConnectionManagerRequest", "result":"SYNC_SERVER_OK", "context":{"environment":"Prod_southeastasia_prod-s01-064-apac-southeastasia", "migrationStage":"NotStarted", "server":"akswtt10900000n"}}
{"logTime": "0109/072434", "correlationVector":"2Ethlk2FqpXHMDZt4/FbKP.2","action":"ProcessGetUpdates", "result":"Done", "context":{"dataType":"Sessions", "deleted":"1", "process_failed_to_decrypt":"0", "process_pending_decryption":"0", "process_success":"3", "total":"3"}}
{"logTime": "0109/072434", "correlationVector":"2Ethlk2FqpXHMDZt4/FbKP.3","action":"ProcessGetUpdates", "result":"Done", "context":{"dataType":"History", "deleted":"0", "process_failed_to_decrypt":"0", "process_pending_decryption":"0", "process_success":"3", "total":"3"}}
{"logTime": "0109/072434", "correlationVector":"2Ethlk2FqpXHMDZt4/FbKP.4","action":"GetUpdates Response", "result":"Success", "context":Received 6 update(s). cV=2Ethlk2FqpXHMDZt4/FbKP.0;server=akswtt10900000n;cloudType=Consumer;environment=Prod_southeastasia_prod-s01-064-apac-southeastasia;migrationStage=NotStarted}
{"logTime": "0109/072443", "correlationVector":"/89EufvZkS5Le2PwoYcLgg","action":"Commit Request", "result":"", "context":Item count: 5
Contributing types: Preferences, Passwords}
{"logTime": "0109/072444", "correlationVector":"/89EufvZkS5Le2PwoYcLgg.1","action":"SyncServerConnectionManagerRequest", "result":"SYNC_SERVER_OK", "context":{"environment":"Prod_southeastasia_prod-s01-064-apac-southeastasia", "migrationStage":"NotStarted", "server":"akswtt10900000a"}}
{"logTime": "0109/072444", "correlationVector":"/89EufvZkS5Le2PwoYcLgg.2","action":"Commit Response", "result":"Success", "context":Result: Success. cV=/89EufvZkS5Le2PwoYcLgg.0;server=akswtt10900000a;cloudType=Consumer;environment=Prod_southeastasia_prod-s01-064-apac-southeastasia;migrationStage=NotStarted}
{"logTime": "0109/072456", "correlationVector":"PDEFVL7OzVIEOJTLhSnLR4","action":"Commit Request", "result":"", "context":Item count: 1
Contributing types: Preferences}
{"logTime": "0109/072456", "correlationVector":"PDEFVL7OzVIEOJTLhSnLR4.1","action":"SyncServerConnectionManagerRequest", "result":"SYNC_SERVER_OK", "context":{"environment":"Prod_southeastasia_prod-s01-064-apac-southeastasia", "migrationStage":"NotStarted", "server":"akswtt109000011"}}
{"logTime": "0109/072456", "correlationVector":"PDEFVL7OzVIEOJTLhSnLR4.2","action":"Commit Response", "result":"Success", "context":Result: Success. cV=PDEFVL7OzVIEOJTLhSnLR4.0;server=akswtt109000011;cloudType=Consumer;environment=Prod_southeastasia_prod-s01-064-apac-southeastasia;migrationStage=NotStarted}
{"logTime": "0109/072533", "correlationVector":"w7C88yAf2eIHxIyUxsn81q","action":"Commit Request", "result":"", "context":Item count: 1
Contributing types: Device Info}
{"logTime": "0109/072533", "correlationVector":"w7C88yAf2eIHxIyUxsn81q.1","action":"SyncServerConnectionManagerRequest", "result":"SYNC_SERVER_OK", "context":{"environment":"Prod_southeastasia_prod-s01-064-apac-southeastasia", "migrationStage":"NotStarted", "server":"akswtt10900000p"}}
{"logTime": "0109/072533", "correlationVector":"w7C88yAf2eIHxIyUxsn81q.2","action":"Commit Response", "result":"Success", "context":Result: Success. cV=w7C88yAf2eIHxIyUxsn81q.0;server=akswtt10900000p;cloudType=Consumer;environment=Prod_southeastasia_prod-s01-064-apac-southeastasia;migrationStage=NotStarted}
{"logTime": "0112/045844", "correlationVector":"2uSWz/Ru/Sa/kGDcTH6pnR.1","action":"SyncServerConnectionManagerRequest", "result":"SYNC_SERVER_OK", "context":{"environment":"Prod_southeastasia_prod-s01-065-apac-southeastasia", "migrationStage":"NotStarted", "server":"akswtt10900000o"}}
{"logTime": "0112/045844", "correlationVector":"2uSWz/Ru/Sa/kGDcTH6pnR.2","action":"ProcessGetUpdates", "result":"Done", "context":{"dataType":"Encryption Keys", "deleted":"0", "process_failed_to_decrypt":"0", "process_pending_decryption":"0", "process_success":"1", "total":"1"}}
{"logTime": "0112/045845", "correlationVector":"+R/BzMV+aaderqN2BD9ec4","action":"SyncServerConnectionManagerRequest", "result":"SYNC_SERVER_OK", "context":{"environment":"", "migrationStage":"", "server":""}}
{"logTime": "0112/045845", "correlationVector":"+R/BzMV+aaderqN2BD9ec4.0","action":"EncryptionKeysFetcher.DownloadKeys:", "result":"Success", "context":Key count: 4, Last key timestamp: 2025-08-11T10:20:00Z}
{"logTime": "0112/045845", "correlationVector":"+R/BzMV+aaderqN2BD9ec4.1","action":"EncryptionKeysManager::SetEncryptionKeys:", "result":"Success", "context":Key names[4]:[9tVTUc607S1JFPWmyPX4b4D1aQdHtDu6d2TthjD0EkIklreuiLm+nf8jNdKHuLDraC8mrVpcDblHWj8nLUQitw==][4KPGTsp1vUWTBhFEdqLRJR9sxWMUp0VoS2xW3XA4/ABkR4PoGkskdj6b1Umkh+NiRq0pNSSRVPAAB0BpRvvA1Q==][4DzdgS1/z/PzyI+crALdsTjuH1EoHudFoICqUtT1aic0mfO5GoT9as3kDqd7Ki8WT9OOYL718m2itCAsnNva/w==][nUFD+M7rBWKgXTuDCoVIAcS3Oq/Q+TsBc/RyfuLJ8t8j0y+C6kQJF7QTyMRDbTyP9+5fM19T83wB86da7omMlA==]}
{"logTime": "0112/045845", "correlationVector":"+R/BzMV+aaderqN2BD9ec4.2","action":"EncryptionKeysManager::SetEncryptionKeysWithTimestamps:", "result":"Success", "context":Key timestamps[4]:[2024-04-11T08:35:16Z][2024-04-24T07:22:02Z][2024-10-22T05:22:45Z][2025-08-11T10:20:00Z]}
{"logTime": "0112/045845", "correlationVector":"2uSWz/Ru/Sa/kGDcTH6pnR","action":"Initial GetUpdates", "result":"", "context":Reason: NEW_CLIENT. cV=2uSWz/Ru/Sa/kGDcTH6pnR}
{"logTime": "0112/045845", "correlationVector":"2uSWz/Ru/Sa/kGDcTH6pnR.3","action":"GetUpdates Response", "result":"Success", "context":Received 1 update(s). cV=2uSWz/Ru/Sa/kGDcTH6pnR.0;server=akswtt10900000o;cloudType=Consumer;environment=Prod_southeastasia_prod-s01-065-apac-southeastasia;migrationStage=NotStarted}
{"logTime": "0112/045845", "correlationVector":"onC16Sv/xDIxA6pVAF9tFA","action":"Initial GetUpdates", "result":"", "context":Reason: NEWLY_SUPPORTED_DATATYPE. cV=onC16Sv/xDIxA6pVAF9tFA}
{"logTime": "0112/045845", "correlationVector":"onC16Sv/xDIxA6pVAF9tFA.1","action":"SyncServerConnectionManagerRequest", "result":"SYNC_SERVER_OK", "context":{"environment":"Prod_southeastasia_prod-s01-065-apac-southeastasia", "migrationStage":"NotStarted", "server":"akswtt10900000o"}}
{"logTime": "0112/045845", "correlationVector":"onC16Sv/xDIxA6pVAF9tFA.2","action":"ProcessGetUpdates", "result":"Done", "context":{"dataType":"Passwords", "deleted":"0", "process_failed_to_decrypt":"0", "process_pending_decryption":"0", "process_success":"12", "total":"12"}}
{"logTime": "0112/045845", "correlationVector":"onC16Sv/xDIxA6pVAF9tFA.3","action":"GetUpdates Response", "result":"Success", "context":Received 12 update(s). cV=onC16Sv/xDIxA6pVAF9tFA.0;server=akswtt10900000o;cloudType=Consumer;environment=Prod_southeastasia_prod-s01-065-apac-southeastasia;migrationStage=NotStarted}
{"logTime": "0112/045845", "correlationVector":"Gqr1WirsMjrfDBg2X+w8qd","action":"Normal GetUpdate request", "result":"", "context":cV=Gqr1WirsMjrfDBg2X+w8qd
Nudged types: Sessions, Device Info, History
Refresh requested types: Bookmarks, Preferences, Passwords, Autofill Profiles, Autofill, Extensions, Sessions, Extension settings, History Delete Directives, Device Info, User Consents, Send Tab To Self, Web Apps, History, Saved Tab Group, WebAuthn Credentials, Collection, Edge E Drop, Edge Hub App Usage, Edge Wallet, Encryption Keys}
{"logTime": "0112/045845", "correlationVector":"Gqr1WirsMjrfDBg2X+w8qd.1","action":"SyncServerConnectionManagerRequest", "result":"SYNC_SERVER_OK", "context":{"environment":"Prod_southeastasia_prod-s01-065-apac-southeastasia", "migrationStage":"NotStarted", "server":"akswtt10900000f"}}
{"logTime": "0112/045845", "correlationVector":"Gqr1WirsMjrfDBg2X+w8qd.2","action":"ProcessGetUpdates", "result":"Done", "context":{"dataType":"Preferences", "deleted":"0", "process_failed_to_decrypt":"0", "process_pending_decryption":"0", "process_success":"5", "total":"5"}}
{"logTime": "0112/045845", "correlationVector":"Gqr1WirsMjrfDBg2X+w8qd.3","action":"ProcessGetUpdates", "result":"Done", "context":{"dataType":"Sessions", "deleted":"1", "process_failed_to_decrypt":"0", "process_pending_decryption":"0", "process_success":"2", "total":"2"}}
{"logTime": "0112/045845", "correlationVector":"Gqr1WirsMjrfDBg2X+w8qd.4","action":"ProcessGetUpdates", "result":"Done", "context":{"dataType":"History", "deleted":"0", "process_failed_to_decrypt":"0", "process_pending_decryption":"0", "process_success":"1", "total":"1"}}
{"logTime": "0112/045845", "correlationVector":"Gqr1WirsMjrfDBg2X+w8qd.5","action":"GetUpdates Response", "result":"Success", "context":Received 8 update(s). cV=Gqr1WirsMjrfDBg2X+w8qd.0;server=akswtt10900000f;cloudType=Consumer;environment=Prod_southeastasia_prod-s01-065-apac-southeastasia;migrationStage=NotStarted}
{"logTime": "0112/045845", "correlationVector":"tv8MWfDHgpapCahOkiZBJJ","action":"Commit Request", "result":"", "context":Item count: 6
Contributing types: Sessions, Device Info, History}
{"logTime": "0112/045846", "correlationVector":"tv8MWfDHgpapCahOkiZBJJ.1","action":"SyncServerConnectionManagerRequest", "result":"SYNC_SERVER_OK", "context":{"environment":"Prod_southeastasia_prod-s01-065-apac-southeastasia", "migrationStage":"NotStarted", "server":"akswtt10900000k"}}
{"logTime": "0112/045846", "correlationVector":"tv8MWfDHgpapCahOkiZBJJ.3","action":"Commit.Sessions", "result":"Success", "context":{"id":"02510d63-1886-4c2f-8ac7-2be9ded528f8", "isDeleted":"true", "size":"0", "version":"1767943473750"}}
{"logTime": "0112/045846", "correlationVector":"tv8MWfDHgpapCahOkiZBJJ.2","action":"Commit Response", "result":"Success", "context":Result: Success. cV=tv8MWfDHgpapCahOkiZBJJ.0;server=akswtt10900000k;cloudType=Consumer;environment=Prod_southeastasia_prod-s01-065-apac-southeastasia;migrationStage=NotStarted}
{"logTime": "0112/045846", "correlationVector":"JiwOvoGt1AXnsLpVj55tT5","action":"Commit Request", "result":"", "context":Item count: 2
Contributing types: Sessions, History}
{"logTime": "0112/045846", "correlationVector":"JiwOvoGt1AXnsLpVj55tT5.1","action":"SyncServerConnectionManagerRequest", "result":"SYNC_SERVER_OK", "context":{"environment":"Prod_southeastasia_prod-s01-065-apac-southeastasia", "migrationStage":"NotStarted", "server":"akswtt109000006"}}
{"logTime": "0112/045846", "correlationVector":"JiwOvoGt1AXnsLpVj55tT5.2","action":"Commit Response", "result":"Success", "context":Result: Success. cV=JiwOvoGt1AXnsLpVj55tT5.0;server=akswtt109000006;cloudType=Consumer;environment=Prod_southeastasia_prod-s01-065-apac-southeastasia;migrationStage=NotStarted}
{"logTime": "0112/045846", "correlationVector":"ASVY/MRlhFZ3fg/c7ueZV9","action":"Poll GetUpdate request", "result":"", "context":cV=ASVY/MRlhFZ3fg/c7ueZV9}
{"logTime": "0112/045846", "correlationVector":"ASVY/MRlhFZ3fg/c7ueZV9.1","action":"SyncServerConnectionManagerRequest", "result":"SYNC_SERVER_OK", "context":{"environment":"Prod_southeastasia_prod-s01-065-apac-southeastasia", "migrationStage":"NotStarted", "server":"akswtt10900000o"}}
{"logTime": "0112/045846", "correlationVector":"ASVY/MRlhFZ3fg/c7ueZV9.2","action":"ProcessGetUpdates", "result":"Done", "context":{"dataType":"Sessions", "deleted":"1", "process_failed_to_decrypt":"0", "process_pending_decryption":"0", "process_success":"3", "total":"3"}}
{"logTime": "0112/045846", "correlationVector":"ASVY/MRlhFZ3fg/c7ueZV9.3","action":"ProcessGetUpdates", "result":"Done", "context":{"dataType":"History", "deleted":"0", "process_failed_to_decrypt":"0", "process_pending_decryption":"0", "process_success":"3", "total":"3"}}
{"logTime": "0112/045846", "correlationVector":"ASVY/MRlhFZ3fg/c7ueZV9.4","action":"GetUpdates Response", "result":"Success", "context":Received 6 update(s). cV=ASVY/MRlhFZ3fg/c7ueZV9.0;server=akswtt10900000o;cloudType=Consumer;environment=Prod_southeastasia_prod-s01-065-apac-southeastasia;migrationStage=NotStarted}
{"logTime": "0112/045847", "correlationVector":"AG8r0JVKjIYwRj+SICRy9Q","action":"Commit Request", "result":"", "context":Item count: 5
Contributing types: Preferences, Passwords}
{"logTime": "0112/045848", "correlationVector":"AG8r0JVKjIYwRj+SICRy9Q.1","action":"SyncServerConnectionManagerRequest", "result":"SYNC_SERVER_OK", "context":{"environment":"Prod_southeastasia_prod-s01-065-apac-southeastasia", "migrationStage":"NotStarted", "server":"akswtt10900000b"}}
{"logTime": "0112/045848", "correlationVector":"AG8r0JVKjIYwRj+SICRy9Q.2","action":"Commit Response", "result":"Success", "context":Result: Success. cV=AG8r0JVKjIYwRj+SICRy9Q.0;server=akswtt10900000b;cloudType=Consumer;environment=Prod_southeastasia_prod-s01-065-apac-southeastasia;migrationStage=NotStarted}
{"logTime": "0112/045908", "correlationVector":"jHwuQeGcqrrsv/APW4qpTg","action":"Commit Request", "result":"", "context":Item count: 1
Contributing types: Preferences}
{"logTime": "0112/045909", "correlationVector":"jHwuQeGcqrrsv/APW4qpTg.1","action":"SyncServerConnectionManagerRequest", "result":"SYNC_SERVER_OK", "context":{"environment":"Prod_southeastasia_prod-s01-065-apac-southeastasia", "migrationStage":"NotStarted", "server":"akswtt109000009"}}
{"logTime": "0112/045909", "correlationVector":"jHwuQeGcqrrsv/APW4qpTg.2","action":"Commit Response", "result":"Success", "context":Result: Success. cV=jHwuQeGcqrrsv/APW4qpTg.0;server=akswtt109000009;cloudType=Consumer;environment=Prod_southeastasia_prod-s01-065-apac-southeastasia;migrationStage=NotStarted}
{"logTime": "0112/045945", "correlationVector":"COYjVmfBDwOT8WgO6HwVNO","action":"Commit Request", "result":"", "context":Item count: 1
Contributing types: Device Info}
{"logTime": "0112/045946", "correlationVector":"COYjVmfBDwOT8WgO6HwVNO.1","action":"SyncServerConnectionManagerRequest", "result":"SYNC_SERVER_OK", "context":{"environment":"Prod_southeastasia_prod-s01-064-apac-southeastasia", "migrationStage":"NotStarted", "server":"akswtt109000007"}}
{"logTime": "0112/045946", "correlationVector":"COYjVmfBDwOT8WgO6HwVNO.2","action":"Commit Response", "result":"Success", "context":Result: Success. cV=COYjVmfBDwOT8WgO6HwVNO.0;server=akswtt109000007;cloudType=Consumer;environment=Prod_southeastasia_prod-s01-064-apac-southeastasia;migrationStage=NotStarted}
{"logTime": "0112/050312", "correlationVector":"G+gMv4qXGYpKeBXmapSKJr.1","action":"SyncServerConnectionManagerRequest", "result":"SYNC_SERVER_OK", "context":{"environment":"Prod_southeastasia_prod-s01-065-apac-southeastasia", "migrationStage":"NotStarted", "server":"akswtt109000000"}}
{"logTime": "0112/050312", "correlationVector":"G+gMv4qXGYpKeBXmapSKJr.2","action":"ProcessGetUpdates", "result":"Done", "context":{"dataType":"Encryption Keys", "deleted":"0", "process_failed_to_decrypt":"0", "process_pending_decryption":"0", "process_success":"1", "total":"1"}}
{"logTime": "0112/050312", "correlationVector":"C0YXt21qhh2BWv+z8TzOXx","action":"SyncServerConnectionManagerRequest", "result":"SYNC_SERVER_OK", "context":{"environment":"", "migrationStage":"", "server":""}}
{"logTime": "0112/050312", "correlationVector":"C0YXt21qhh2BWv+z8TzOXx.0","action":"EncryptionKeysFetcher.DownloadKeys:", "result":"Success", "context":Key count: 4, Last key timestamp: 2025-08-11T10:20:00Z}
{"logTime": "0112/050312", "correlationVector":"C0YXt21qhh2BWv+z8TzOXx.1","action":"EncryptionKeysManager::SetEncryptionKeys:", "result":"Success", "context":Key names[4]:[9tVTUc607S1JFPWmyPX4b4D1aQdHtDu6d2TthjD0EkIklreuiLm+nf8jNdKHuLDraC8mrVpcDblHWj8nLUQitw==][4KPGTsp1vUWTBhFEdqLRJR9sxWMUp0VoS2xW3XA4/ABkR4PoGkskdj6b1Umkh+NiRq0pNSSRVPAAB0BpRvvA1Q==][4DzdgS1/z/PzyI+crALdsTjuH1EoHudFoICqUtT1aic0mfO5GoT9as3kDqd7Ki8WT9OOYL718m2itCAsnNva/w==][nUFD+M7rBWKgXTuDCoVIAcS3Oq/Q+TsBc/RyfuLJ8t8j0y+C6kQJF7QTyMRDbTyP9+5fM19T83wB86da7omMlA==]}
{"logTime": "0112/050312", "correlationVector":"C0YXt21qhh2BWv+z8TzOXx.2","action":"EncryptionKeysManager::SetEncryptionKeysWithTimestamps:", "result":"Success", "context":Key timestamps[4]:[2024-04-11T08:35:16Z][2024-04-24T07:22:02Z][2024-10-22T05:22:45Z][2025-08-11T10:20:00Z]}
{"logTime": "0112/050312", "correlationVector":"G+gMv4qXGYpKeBXmapSKJr","action":"Initial GetUpdates", "result":"", "context":Reason: NEW_CLIENT. cV=G+gMv4qXGYpKeBXmapSKJr}
{"logTime": "0112/050312", "correlationVector":"G+gMv4qXGYpKeBXmapSKJr.3","action":"GetUpdates Response", "result":"Success", "context":Received 1 update(s). cV=G+gMv4qXGYpKeBXmapSKJr.0;server=akswtt109000000;cloudType=Consumer;environment=Prod_southeastasia_prod-s01-065-apac-southeastasia;migrationStage=NotStarted}
{"logTime": "0112/050312", "correlationVector":"dPM2ts4Rh8A1sVYFnVZ979","action":"Initial GetUpdates", "result":"", "context":Reason: NEWLY_SUPPORTED_DATATYPE. cV=dPM2ts4Rh8A1sVYFnVZ979}
{"logTime": "0112/050312", "correlationVector":"dPM2ts4Rh8A1sVYFnVZ979.1","action":"SyncServerConnectionManagerRequest", "result":"SYNC_SERVER_OK", "context":{"environment":"Prod_southeastasia_prod-s01-065-apac-southeastasia", "migrationStage":"NotStarted", "server":"akswtt10900000i"}}
{"logTime": "0112/050312", "correlationVector":"dPM2ts4Rh8A1sVYFnVZ979.2","action":"ProcessGetUpdates", "result":"Done", "context":{"dataType":"Passwords", "deleted":"0", "process_failed_to_decrypt":"0", "process_pending_decryption":"0", "process_success":"12", "total":"12"}}
{"logTime": "0112/050312", "correlationVector":"dPM2ts4Rh8A1sVYFnVZ979.3","action":"GetUpdates Response", "result":"Success", "context":Received 12 update(s). cV=dPM2ts4Rh8A1sVYFnVZ979.0;server=akswtt10900000i;cloudType=Consumer;environment=Prod_southeastasia_prod-s01-065-apac-southeastasia;migrationStage=NotStarted}
{"logTime": "0112/050312", "correlationVector":"xHn0iIPgmeJikJhlcgACHL","action":"Normal GetUpdate request", "result":"", "context":cV=xHn0iIPgmeJikJhlcgACHL
Nudged types: Sessions, Device Info, History
Refresh requested types: Bookmarks, Preferences, Passwords, Autofill Profiles, Autofill, Extensions, Sessions, Extension settings, History Delete Directives, Device Info, User Consents, Send Tab To Self, Web Apps, History, Saved Tab Group, WebAuthn Credentials, Collection, Edge E Drop, Edge Hub App Usage, Edge Wallet, Encryption Keys}
{"logTime": "0112/050313", "correlationVector":"xHn0iIPgmeJikJhlcgACHL.1","action":"SyncServerConnectionManagerRequest", "result":"SYNC_SERVER_OK", "context":{"environment":"Prod_southeastasia_prod-s01-065-apac-southeastasia", "migrationStage":"NotStarted", "server":"akswtt109000007"}}
{"logTime": "0112/050313", "correlationVector":"xHn0iIPgmeJikJhlcgACHL.2","action":"ProcessGetUpdates", "result":"Done", "context":{"dataType":"Preferences", "deleted":"0", "process_failed_to_decrypt":"0", "process_pending_decryption":"0", "process_success":"2", "total":"2"}}
{"logTime": "0112/050313", "correlationVector":"xHn0iIPgmeJikJhlcgACHL.3","action":"GetUpdates Response", "result":"Success", "context":Received 2 update(s). cV=xHn0iIPgmeJikJhlcgACHL.0;server=akswtt109000007;cloudType=Consumer;environment=Prod_southeastasia_prod-s01-065-apac-southeastasia;migrationStage=NotStarted}
{"logTime": "0112/050313", "correlationVector":"Pu+hL0EagaolOZbLQZGCc9","action":"Commit Request", "result":"", "context":Item count: 4
Contributing types: Sessions, Device Info, History}
{"logTime": "0112/050313", "correlationVector":"Pu+hL0EagaolOZbLQZGCc9.1","action":"SyncServerConnectionManagerRequest", "result":"SYNC_SERVER_OK", "context":{"environment":"Prod_southeastasia_prod-s01-065-apac-southeastasia", "migrationStage":"NotStarted", "server":"akswtt10900000t"}}
{"logTime": "0112/050313", "correlationVector":"Pu+hL0EagaolOZbLQZGCc9.2","action":"Commit Response", "result":"Success", "context":Result: Success. cV=Pu+hL0EagaolOZbLQZGCc9.0;server=akswtt10900000t;cloudType=Consumer;environment=Prod_southeastasia_prod-s01-065-apac-southeastasia;migrationStage=NotStarted}
{"logTime": "0112/050314", "correlationVector":"yWcI48GuAgRJVF9nWhF3cf","action":"Commit Request", "result":"", "context":Item count: 7
Contributing types: Preferences, Passwords, Sessions, History}
{"logTime": "0112/050315", "correlationVector":"yWcI48GuAgRJVF9nWhF3cf.1","action":"SyncServerConnectionManagerRequest", "result":"SYNC_SERVER_OK", "context":{"environment":"Prod_southeastasia_prod-s01-065-apac-southeastasia", "migrationStage":"NotStarted", "server":"akswtt10900000o"}}
{"logTime": "0112/050315", "correlationVector":"yWcI48GuAgRJVF9nWhF3cf.2","action":"Commit Response", "result":"Success", "context":Result: Success. cV=yWcI48GuAgRJVF9nWhF3cf.0;server=akswtt10900000o;cloudType=Consumer;environment=Prod_southeastasia_prod-s01-065-apac-southeastasia;migrationStage=NotStarted}
{"logTime": "0112/050317", "correlationVector":"JZNoa7/oyLv1tUoLdXGmx/","action":"Commit Request", "result":"", "context":Item count: 1
Contributing types: Device Info}
{"logTime": "0112/050318", "correlationVector":"JZNoa7/oyLv1tUoLdXGmx/.1","action":"SyncServerConnectionManagerRequest", "result":"SYNC_SERVER_OK", "context":{"environment":"Prod_southeastasia_prod-s01-065-apac-southeastasia", "migrationStage":"NotStarted", "server":"akswtt109000007"}}
{"logTime": "0112/050318", "correlationVector":"JZNoa7/oyLv1tUoLdXGmx/.2","action":"Commit Response", "result":"Success", "context":Result: Success. cV=JZNoa7/oyLv1tUoLdXGmx/.0;server=akswtt109000007;cloudType=Consumer;environment=Prod_southeastasia_prod-s01-065-apac-southeastasia;migrationStage=NotStarted}
{"logTime": "0112/050612", "correlationVector":"HxhiQH7XNS6JGLHw2jVIKU.1","action":"SyncServerConnectionManagerRequest", "result":"SYNC_SERVER_OK", "context":{"environment":"Prod_southeastasia_prod-s01-065-apac-southeastasia", "migrationStage":"NotStarted", "server":"akswtt109000008"}}
{"logTime": "0112/050612", "correlationVector":"HxhiQH7XNS6JGLHw2jVIKU.2","action":"ProcessGetUpdates", "result":"Done", "context":{"dataType":"Encryption Keys", "deleted":"0", "process_failed_to_decrypt":"0", "process_pending_decryption":"0", "process_success":"1", "total":"1"}}
{"logTime": "0112/050612", "correlationVector":"HxhiQH7XNS6JGLHw2jVIKU","action":"Initial GetUpdates", "result":"", "context":Reason: NEW_CLIENT. cV=HxhiQH7XNS6JGLHw2jVIKU}
{"logTime": "0112/050612", "correlationVector":"HxhiQH7XNS6JGLHw2jVIKU.3","action":"GetUpdates Response", "result":"Success", "context":Received 1 update(s). cV=HxhiQH7XNS6JGLHw2jVIKU.0;server=akswtt109000008;cloudType=Consumer;environment=Prod_southeastasia_prod-s01-065-apac-southeastasia;migrationStage=NotStarted}
{"logTime": "0112/050612", "correlationVector":"eQ3ov6posmKvgCRYT8cTxU","action":"Normal GetUpdate request", "result":"", "context":cV=eQ3ov6posmKvgCRYT8cTxU
Nudged types: Sessions, Device Info, History
Refresh requested types: Bookmarks, Preferences, Extensions, Sessions, Extension settings, History Delete Directives, Device Info, User Consents, Send Tab To Self, Web Apps, History, Saved Tab Group, WebAuthn Credentials, Collection, Edge E Drop, Edge Hub App Usage, Edge Wallet, Encryption Keys}
{"logTime": "0112/050612", "correlationVector":"eQ3ov6posmKvgCRYT8cTxU.1","action":"SyncServerConnectionManagerRequest", "result":"SYNC_SERVER_OK", "context":{"environment":"Prod_southeastasia_prod-s01-065-apac-southeastasia", "migrationStage":"NotStarted", "server":"akswtt109000008"}}
{"logTime": "0112/050612", "correlationVector":"eQ3ov6posmKvgCRYT8cTxU.2","action":"ProcessGetUpdates", "result":"Done", "context":{"dataType":"Preferences", "deleted":"0", "process_failed_to_decrypt":"0", "process_pending_decryption":"0", "process_success":"1", "total":"1"}}
{"logTime": "0112/050612", "correlationVector":"eQ3ov6posmKvgCRYT8cTxU.3","action":"ProcessGetUpdates", "result":"Done", "context":{"dataType":"Sessions", "deleted":"0", "process_failed_to_decrypt":"0", "process_pending_decryption":"0", "process_success":"2", "total":"2"}}
{"logTime": "0112/050612", "correlationVector":"eQ3ov6posmKvgCRYT8cTxU.4","action":"ProcessGetUpdates", "result":"Done", "context":{"dataType":"History", "deleted":"0", "process_failed_to_decrypt":"0", "process_pending_decryption":"0", "process_success":"2", "total":"2"}}
{"logTime": "0112/050612", "correlationVector":"eQ3ov6posmKvgCRYT8cTxU.5","action":"GetUpdates Response", "result":"Success", "context":Received 5 update(s). cV=eQ3ov6posmKvgCRYT8cTxU.0;server=akswtt109000008;cloudType=Consumer;environment=Prod_southeastasia_prod-s01-065-apac-southeastasia;migrationStage=NotStarted}
{"logTime": "0112/050612", "correlationVector":"LpsW6E2aQYe2WJpDeFaCiF","action":"Commit Request", "result":"", "context":Item count: 5
Contributing types: Sessions, Device Info, History}
{"logTime": "0112/050613", "correlationVector":"LpsW6E2aQYe2WJpDeFaCiF.1","action":"SyncServerConnectionManagerRequest", "result":"SYNC_SERVER_OK", "context":{"environment":"Prod_southeastasia_prod-s01-065-apac-southeastasia", "migrationStage":"NotStarted", "server":"akswtt109000004"}}
{"logTime": "0112/050613", "correlationVector":"LpsW6E2aQYe2WJpDeFaCiF.2","action":"Commit Response", "result":"Success", "context":Result: Success. cV=LpsW6E2aQYe2WJpDeFaCiF.0;server=akswtt109000004;cloudType=Consumer;environment=Prod_southeastasia_prod-s01-065-apac-southeastasia;migrationStage=NotStarted}
{"logTime": "0112/050613", "correlationVector":"LpsW6E2aQYe2WJpDeFaCiF.3","action":"Commit.Sessions", "result":"Success", "context":{"id":"efd5459a-d6f1-4933-b76c-1fd2672550fc", "isDeleted":"true", "size":"0", "version":"1768194194769"}}
{"logTime": "0112/050614", "correlationVector":"IA6BIfnvtSVRgZyoBkYhrL","action":"SyncServerConnectionManagerRequest", "result":"SYNC_SERVER_OK", "context":{"environment":"", "migrationStage":"", "server":""}}
{"logTime": "0112/050614", "correlationVector":"IA6BIfnvtSVRgZyoBkYhrL.0","action":"EncryptionKeysFetcher.DownloadKeys:", "result":"Success", "context":Key count: 4, Last key timestamp: 2025-08-11T10:20:00Z}
{"logTime": "0112/050614", "correlationVector":"IA6BIfnvtSVRgZyoBkYhrL.1","action":"EncryptionKeysManager::SetEncryptionKeys:", "result":"Success", "context":Key names[4]:[9tVTUc607S1JFPWmyPX4b4D1aQdHtDu6d2TthjD0EkIklreuiLm+nf8jNdKHuLDraC8mrVpcDblHWj8nLUQitw==][4KPGTsp1vUWTBhFEdqLRJR9sxWMUp0VoS2xW3XA4/ABkR4PoGkskdj6b1Umkh+NiRq0pNSSRVPAAB0BpRvvA1Q==][4DzdgS1/z/PzyI+crALdsTjuH1EoHudFoICqUtT1aic0mfO5GoT9as3kDqd7Ki8WT9OOYL718m2itCAsnNva/w==][nUFD+M7rBWKgXTuDCoVIAcS3Oq/Q+TsBc/RyfuLJ8t8j0y+C6kQJF7QTyMRDbTyP9+5fM19T83wB86da7omMlA==]}
{"logTime": "0112/050614", "correlationVector":"IA6BIfnvtSVRgZyoBkYhrL.2","action":"EncryptionKeysManager::SetEncryptionKeysWithTimestamps:", "result":"Success", "context":Key timestamps[4]:[2024-04-11T08:35:16Z][2024-04-24T07:22:02Z][2024-10-22T05:22:45Z][2025-08-11T10:20:00Z]}
{"logTime": "0112/050614", "correlationVector":"dBd45EZQpDQgCGDb0Yq/i2","action":"Initial GetUpdates", "result":"", "context":Reason: NEWLY_SUPPORTED_DATATYPE. cV=dBd45EZQpDQgCGDb0Yq/i2}
{"logTime": "0112/050614", "correlationVector":"dBd45EZQpDQgCGDb0Yq/i2.1","action":"SyncServerConnectionManagerRequest", "result":"SYNC_SERVER_OK", "context":{"environment":"Prod_southeastasia_prod-s01-065-apac-southeastasia", "migrationStage":"NotStarted", "server":"akswtt10900000n"}}
{"logTime": "0112/050614", "correlationVector":"dBd45EZQpDQgCGDb0Yq/i2.2","action":"ProcessGetUpdates", "result":"Done", "context":{"dataType":"Passwords", "deleted":"0", "process_failed_to_decrypt":"0", "process_pending_decryption":"0", "process_success":"12", "total":"12"}}
{"logTime": "0112/050614", "correlationVector":"dBd45EZQpDQgCGDb0Yq/i2.3","action":"GetUpdates Response", "result":"Success", "context":Received 12 update(s). cV=dBd45EZQpDQgCGDb0Yq/i2.0;server=akswtt10900000n;cloudType=Consumer;environment=Prod_southeastasia_prod-s01-065-apac-southeastasia;migrationStage=NotStarted}
{"logTime": "0112/050614", "correlationVector":"DaUsd0QiUDHYwDQ3eOxtSG","action":"Normal GetUpdate request", "result":"", "context":cV=DaUsd0QiUDHYwDQ3eOxtSG
Nudged types: Sessions, Device Info, History
Refresh requested types: Bookmarks, Preferences, Passwords, Autofill Profiles, Autofill, Extensions, Sessions, Extension settings, History Delete Directives, Device Info, User Consents, Send Tab To Self, Web Apps, History, Saved Tab Group, WebAuthn Credentials, Collection, Edge E Drop, Edge Hub App Usage, Edge Wallet, Encryption Keys}
{"logTime": "0112/050614", "correlationVector":"DaUsd0QiUDHYwDQ3eOxtSG.1","action":"SyncServerConnectionManagerRequest", "result":"SYNC_SERVER_OK", "context":{"environment":"Prod_southeastasia_prod-s01-065-apac-southeastasia", "migrationStage":"NotStarted", "server":"akswtt109000009"}}
{"logTime": "0112/050614", "correlationVector":"DaUsd0QiUDHYwDQ3eOxtSG.2","action":"ProcessGetUpdates", "result":"Done", "context":{"dataType":"Sessions", "deleted":"1", "process_failed_to_decrypt":"0", "process_pending_decryption":"0", "process_success":"3", "total":"3"}}
{"logTime": "0112/050614", "correlationVector":"DaUsd0QiUDHYwDQ3eOxtSG.3","action":"ProcessGetUpdates", "result":"Done", "context":{"dataType":"History", "deleted":"0", "process_failed_to_decrypt":"0", "process_pending_decryption":"0", "process_success":"1", "total":"1"}}
{"logTime": "0112/050614", "correlationVector":"DaUsd0QiUDHYwDQ3eOxtSG.4","action":"GetUpdates Response", "result":"Success", "context":Received 4 update(s). cV=DaUsd0QiUDHYwDQ3eOxtSG.0;server=akswtt109000009;cloudType=Consumer;environment=Prod_southeastasia_prod-s01-065-apac-southeastasia;migrationStage=NotStarted}
{"logTime": "0112/050614", "correlationVector":"2DSGxwhebl6813KZuJ9N1d","action":"Commit Request", "result":"", "context":Item count: 1
Contributing types: Device Info}
{"logTime": "0112/050614", "correlationVector":"2DSGxwhebl6813KZuJ9N1d.1","action":"SyncServerConnectionManagerRequest", "result":"SYNC_SERVER_OK", "context":{"environment":"Prod_southeastasia_prod-s01-065-apac-southeastasia", "migrationStage":"NotStarted", "server":"akswtt109000004"}}
{"logTime": "0112/050614", "correlationVector":"2DSGxwhebl6813KZuJ9N1d.2","action":"Commit Response", "result":"Success", "context":Result: Success. cV=2DSGxwhebl6813KZuJ9N1d.0;server=akswtt109000004;cloudType=Consumer;environment=Prod_southeastasia_prod-s01-065-apac-southeastasia;migrationStage=NotStarted}
{"logTime": "0112/050615", "correlationVector":"C+WqDCWwqcAhtrcMttOxQY","action":"Commit Request", "result":"", "context":Item count: 5
Contributing types: Preferences, Passwords}
{"logTime": "0112/050616", "correlationVector":"C+WqDCWwqcAhtrcMttOxQY.1","action":"SyncServerConnectionManagerRequest", "result":"SYNC_SERVER_OK", "context":{"environment":"Prod_southeastasia_prod-s01-065-apac-southeastasia", "migrationStage":"NotStarted", "server":"akswtt109000004"}}
{"logTime": "0112/050616", "correlationVector":"C+WqDCWwqcAhtrcMttOxQY.2","action":"Commit Response", "result":"Success", "context":Result: Success. cV=C+WqDCWwqcAhtrcMttOxQY.0;server=akswtt109000004;cloudType=Consumer;environment=Prod_southeastasia_prod-s01-065-apac-southeastasia;migrationStage=NotStarted}
{"logTime": "0112/051107", "correlationVector":"5IoaxTYvv81bQSRI8/MBef.1","action":"SyncServerConnectionManagerRequest", "result":"SYNC_SERVER_OK", "context":{"environment":"Prod_southeastasia_prod-s01-065-apac-southeastasia", "migrationStage":"NotStarted", "server":"akswtt10900000i"}}
{"logTime": "0112/051107", "correlationVector":"5IoaxTYvv81bQSRI8/MBef.2","action":"ProcessGetUpdates", "result":"Done", "context":{"dataType":"Encryption Keys", "deleted":"0", "process_failed_to_decrypt":"0", "process_pending_decryption":"0", "process_success":"1", "total":"1"}}
{"logTime": "0112/051108", "correlationVector":"A8/zfoPRKeiF3lxQ4Dg1eK","action":"SyncServerConnectionManagerRequest", "result":"SYNC_SERVER_OK", "context":{"environment":"", "migrationStage":"", "server":""}}
{"logTime": "0112/051108", "correlationVector":"A8/zfoPRKeiF3lxQ4Dg1eK.0","action":"EncryptionKeysFetcher.DownloadKeys:", "result":"Success", "context":Key count: 4, Last key timestamp: 2025-08-11T10:20:00Z}
{"logTime": "0112/051108", "correlationVector":"A8/zfoPRKeiF3lxQ4Dg1eK.1","action":"EncryptionKeysManager::SetEncryptionKeys:", "result":"Success", "context":Key names[4]:[9tVTUc607S1JFPWmyPX4b4D1aQdHtDu6d2TthjD0EkIklreuiLm+nf8jNdKHuLDraC8mrVpcDblHWj8nLUQitw==][4KPGTsp1vUWTBhFEdqLRJR9sxWMUp0VoS2xW3XA4/ABkR4PoGkskdj6b1Umkh+NiRq0pNSSRVPAAB0BpRvvA1Q==][4DzdgS1/z/PzyI+crALdsTjuH1EoHudFoICqUtT1aic0mfO5GoT9as3kDqd7Ki8WT9OOYL718m2itCAsnNva/w==][nUFD+M7rBWKgXTuDCoVIAcS3Oq/Q+TsBc/RyfuLJ8t8j0y+C6kQJF7QTyMRDbTyP9+5fM19T83wB86da7omMlA==]}
{"logTime": "0112/051108", "correlationVector":"A8/zfoPRKeiF3lxQ4Dg1eK.2","action":"EncryptionKeysManager::SetEncryptionKeysWithTimestamps:", "result":"Success", "context":Key timestamps[4]:[2024-04-11T08:35:16Z][2024-04-24T07:22:02Z][2024-10-22T05:22:45Z][2025-08-11T10:20:00Z]}
{"logTime": "0112/051108", "correlationVector":"5IoaxTYvv81bQSRI8/MBef","action":"Initial GetUpdates", "result":"", "context":Reason: NEW_CLIENT. cV=5IoaxTYvv81bQSRI8/MBef}
{"logTime": "0112/051108", "correlationVector":"5IoaxTYvv81bQSRI8/MBef.3","action":"GetUpdates Response", "result":"Success", "context":Received 1 update(s). cV=5IoaxTYvv81bQSRI8/MBef.0;server=akswtt10900000i;cloudType=Consumer;environment=Prod_southeastasia_prod-s01-065-apac-southeastasia;migrationStage=NotStarted}
{"logTime": "0112/051108", "correlationVector":"06M2b7yNuixMP90R7hcf0t","action":"Initial GetUpdates", "result":"", "context":Reason: NEWLY_SUPPORTED_DATATYPE. cV=06M2b7yNuixMP90R7hcf0t}
{"logTime": "0112/051108", "correlationVector":"06M2b7yNuixMP90R7hcf0t.1","action":"SyncServerConnectionManagerRequest", "result":"SYNC_SERVER_OK", "context":{"environment":"Prod_southeastasia_prod-s01-065-apac-southeastasia", "migrationStage":"NotStarted", "server":"akswtt10900000j"}}
{"logTime": "0112/051108", "correlationVector":"06M2b7yNuixMP90R7hcf0t.2","action":"ProcessGetUpdates", "result":"Done", "context":{"dataType":"Passwords", "deleted":"0", "process_failed_to_decrypt":"0", "process_pending_decryption":"0", "process_success":"12", "total":"12"}}
{"logTime": "0112/051108", "correlationVector":"06M2b7yNuixMP90R7hcf0t.3","action":"GetUpdates Response", "result":"Success", "context":Received 12 update(s). cV=06M2b7yNuixMP90R7hcf0t.0;server=akswtt10900000j;cloudType=Consumer;environment=Prod_southeastasia_prod-s01-065-apac-southeastasia;migrationStage=NotStarted}
{"logTime": "0112/051108", "correlationVector":"lQhzdMIOeDITkSd3i7jIOj","action":"Normal GetUpdate request", "result":"", "context":cV=lQhzdMIOeDITkSd3i7jIOj
Nudged types: Sessions, Device Info, History
Refresh requested types: Bookmarks, Preferences, Passwords, Autofill Profiles, Autofill, Extensions, Sessions, Extension settings, History Delete Directives, Device Info, User Consents, Send Tab To Self, Web Apps, History, Saved Tab Group, WebAuthn Credentials, Collection, Edge E Drop, Edge Hub App Usage, Edge Wallet, Encryption Keys}
{"logTime": "0112/051108", "correlationVector":"lQhzdMIOeDITkSd3i7jIOj.1","action":"SyncServerConnectionManagerRequest", "result":"SYNC_SERVER_OK", "context":{"environment":"Prod_southeastasia_prod-s01-065-apac-southeastasia", "migrationStage":"NotStarted", "server":"akswtt109000006"}}
{"logTime": "0112/051108", "correlationVector":"lQhzdMIOeDITkSd3i7jIOj.2","action":"ProcessGetUpdates", "result":"Done", "context":{"dataType":"Preferences", "deleted":"0", "process_failed_to_decrypt":"0", "process_pending_decryption":"0", "process_success":"3", "total":"3"}}
{"logTime": "0112/051108", "correlationVector":"lQhzdMIOeDITkSd3i7jIOj.3","action":"ProcessGetUpdates", "result":"Done", "context":{"dataType":"Sessions", "deleted":"0", "process_failed_to_decrypt":"0", "process_pending_decryption":"0", "process_success":"2", "total":"2"}}
{"logTime": "0112/051108", "correlationVector":"lQhzdMIOeDITkSd3i7jIOj.4","action":"ProcessGetUpdates", "result":"Done", "context":{"dataType":"History", "deleted":"0", "process_failed_to_decrypt":"0", "process_pending_decryption":"0", "process_success":"2", "total":"2"}}
{"logTime": "0112/051108", "correlationVector":"lQhzdMIOeDITkSd3i7jIOj.5","action":"GetUpdates Response", "result":"Success", "context":Received 7 update(s). cV=lQhzdMIOeDITkSd3i7jIOj.0;server=akswtt109000006;cloudType=Consumer;environment=Prod_southeastasia_prod-s01-065-apac-southeastasia;migrationStage=NotStarted}
{"logTime": "0112/051108", "correlationVector":"e2dRTtRfRVWL7O+o8xvvhp","action":"Commit Request", "result":"", "context":Item count: 7
Contributing types: Sessions, Device Info, History}
{"logTime": "0112/051109", "correlationVector":"e2dRTtRfRVWL7O+o8xvvhp.1","action":"SyncServerConnectionManagerRequest", "result":"SYNC_SERVER_OK", "context":{"environment":"Prod_southeastasia_prod-s01-065-apac-southeastasia", "migrationStage":"NotStarted", "server":"akswtt109000000"}}
{"logTime": "0112/051109", "correlationVector":"e2dRTtRfRVWL7O+o8xvvhp.2","action":"Commit Response", "result":"Success", "context":Result: Success. cV=e2dRTtRfRVWL7O+o8xvvhp.0;server=akswtt109000000;cloudType=Consumer;environment=Prod_southeastasia_prod-s01-065-apac-southeastasia;migrationStage=NotStarted}
{"logTime": "0112/051109", "correlationVector":"IkGQ06JxiohBq7RwRnHrhv","action":"Commit Request", "result":"", "context":Item count: 3
Contributing types: Sessions, History}
{"logTime": "0112/051109", "correlationVector":"IkGQ06JxiohBq7RwRnHrhv.1","action":"SyncServerConnectionManagerRequest", "result":"SYNC_SERVER_OK", "context":{"environment":"Prod_southeastasia_prod-s01-065-apac-southeastasia", "migrationStage":"NotStarted", "server":"akswtt10900000o"}}
{"logTime": "0112/051109", "correlationVector":"IkGQ06JxiohBq7RwRnHrhv.2","action":"Commit Response", "result":"Success", "context":Result: Success. cV=IkGQ06JxiohBq7RwRnHrhv.0;server=akswtt10900000o;cloudType=Consumer;environment=Prod_southeastasia_prod-s01-065-apac-southeastasia;migrationStage=NotStarted}
{"logTime": "0112/051109", "correlationVector":"IkGQ06JxiohBq7RwRnHrhv.3","action":"Commit.Sessions", "result":"Success", "context":{"id":"18c3b5d2-c24a-483d-b3ef-3b01511ff17b", "isDeleted":"true", "size":"0", "version":"1768194668871"}}
{"logTime": "0112/051110", "correlationVector":"SN63NzyTAWLJBt2FAlTMC5","action":"Commit Request", "result":"", "context":Item count: 5
Contributing types: Preferences, Passwords}
{"logTime": "0112/051110", "correlationVector":"SN63NzyTAWLJBt2FAlTMC5.1","action":"SyncServerConnectionManagerRequest", "result":"SYNC_SERVER_OK", "context":{"environment":"Prod_southeastasia_prod-s01-065-apac-southeastasia", "migrationStage":"NotStarted", "server":"akswtt109000000"}}
{"logTime": "0112/051110", "correlationVector":"SN63NzyTAWLJBt2FAlTMC5.2","action":"Commit Response", "result":"Success", "context":Result: Success. cV=SN63NzyTAWLJBt2FAlTMC5.0;server=akswtt109000000;cloudType=Consumer;environment=Prod_southeastasia_prod-s01-065-apac-southeastasia;migrationStage=NotStarted}
{"logTime": "0112/051112", "correlationVector":"YEikFsvwobMmFRNlpxv43X","action":"Commit Request", "result":"", "context":Item count: 1
Contributing types: Device Info}
{"logTime": "0112/051113", "correlationVector":"YEikFsvwobMmFRNlpxv43X.1","action":"SyncServerConnectionManagerRequest", "result":"SYNC_SERVER_OK", "context":{"environment":"Prod_southeastasia_prod-s01-065-apac-southeastasia", "migrationStage":"NotStarted", "server":"akswtt10900000f"}}
{"logTime": "0112/051113", "correlationVector":"YEikFsvwobMmFRNlpxv43X.2","action":"Commit Response", "result":"Success", "context":Result: Success. cV=YEikFsvwobMmFRNlpxv43X.0;server=akswtt10900000f;cloudType=Consumer;environment=Prod_southeastasia_prod-s01-065-apac-southeastasia;migrationStage=NotStarted}
{"logTime": "0112/064951", "correlationVector":"o7tnQvmaGHTEkGYhRAmtll.1","action":"SyncServerConnectionManagerRequest", "result":"SYNC_SERVER_OK", "context":{"environment":"Prod_southeastasia_prod-s01-065-apac-southeastasia", "migrationStage":"NotStarted", "server":"akswtt10900000j"}}
{"logTime": "0112/064951", "correlationVector":"o7tnQvmaGHTEkGYhRAmtll.2","action":"ProcessGetUpdates", "result":"Done", "context":{"dataType":"Encryption Keys", "deleted":"0", "process_failed_to_decrypt":"0", "process_pending_decryption":"0", "process_success":"1", "total":"1"}}
{"logTime": "0112/064951", "correlationVector":"hzNzKPqS7GOouGT05u23mk","action":"SyncServerConnectionManagerRequest", "result":"SYNC_SERVER_OK", "context":{"environment":"", "migrationStage":"", "server":""}}
{"logTime": "0112/064951", "correlationVector":"hzNzKPqS7GOouGT05u23mk.0","action":"EncryptionKeysFetcher.DownloadKeys:", "result":"Success", "context":Key count: 4, Last key timestamp: 2025-08-11T10:20:00Z}
{"logTime": "0112/064951", "correlationVector":"hzNzKPqS7GOouGT05u23mk.1","action":"EncryptionKeysManager::SetEncryptionKeys:", "result":"Success", "context":Key names[4]:[9tVTUc607S1JFPWmyPX4b4D1aQdHtDu6d2TthjD0EkIklreuiLm+nf8jNdKHuLDraC8mrVpcDblHWj8nLUQitw==][4KPGTsp1vUWTBhFEdqLRJR9sxWMUp0VoS2xW3XA4/ABkR4PoGkskdj6b1Umkh+NiRq0pNSSRVPAAB0BpRvvA1Q==][4DzdgS1/z/PzyI+crALdsTjuH1EoHudFoICqUtT1aic0mfO5GoT9as3kDqd7Ki8WT9OOYL718m2itCAsnNva/w==][nUFD+M7rBWKgXTuDCoVIAcS3Oq/Q+TsBc/RyfuLJ8t8j0y+C6kQJF7QTyMRDbTyP9+5fM19T83wB86da7omMlA==]}
{"logTime": "0112/064951", "correlationVector":"hzNzKPqS7GOouGT05u23mk.2","action":"EncryptionKeysManager::SetEncryptionKeysWithTimestamps:", "result":"Success", "context":Key timestamps[4]:[2024-04-11T08:35:16Z][2024-04-24T07:22:02Z][2024-10-22T05:22:45Z][2025-08-11T10:20:00Z]}
{"logTime": "0112/064951", "correlationVector":"o7tnQvmaGHTEkGYhRAmtll","action":"Initial GetUpdates", "result":"", "context":Reason: NEW_CLIENT. cV=o7tnQvmaGHTEkGYhRAmtll}
{"logTime": "0112/064951", "correlationVector":"o7tnQvmaGHTEkGYhRAmtll.3","action":"GetUpdates Response", "result":"Success", "context":Received 1 update(s). cV=o7tnQvmaGHTEkGYhRAmtll.0;server=akswtt10900000j;cloudType=Consumer;environment=Prod_southeastasia_prod-s01-065-apac-southeastasia;migrationStage=NotStarted}
{"logTime": "0112/064951", "correlationVector":"BmetPBUsh185TmIUnPlheb","action":"Initial GetUpdates", "result":"", "context":Reason: NEWLY_SUPPORTED_DATATYPE. cV=BmetPBUsh185TmIUnPlheb}
{"logTime": "0112/064952", "correlationVector":"BmetPBUsh185TmIUnPlheb.1","action":"SyncServerConnectionManagerRequest", "result":"SYNC_SERVER_OK", "context":{"environment":"Prod_southeastasia_prod-s01-065-apac-southeastasia", "migrationStage":"NotStarted", "server":"akswtt10900000k"}}
{"logTime": "0112/064952", "correlationVector":"BmetPBUsh185TmIUnPlheb.2","action":"ProcessGetUpdates", "result":"Done", "context":{"dataType":"Passwords", "deleted":"0", "process_failed_to_decrypt":"0", "process_pending_decryption":"0", "process_success":"12", "total":"12"}}
{"logTime": "0112/064952", "correlationVector":"BmetPBUsh185TmIUnPlheb.3","action":"GetUpdates Response", "result":"Success", "context":Received 12 update(s). cV=BmetPBUsh185TmIUnPlheb.0;server=akswtt10900000k;cloudType=Consumer;environment=Prod_southeastasia_prod-s01-065-apac-southeastasia;migrationStage=NotStarted}
{"logTime": "0112/064952", "correlationVector":"zaZq5kMSWWJMYp4rkI4K0o","action":"Normal GetUpdate request", "result":"", "context":cV=zaZq5kMSWWJMYp4rkI4K0o
Nudged types: Sessions, Device Info, History
Refresh requested types: Bookmarks, Preferences, Passwords, Autofill Profiles, Autofill, Extensions, Sessions, Extension settings, History Delete Directives, Device Info, User Consents, Send Tab To Self, Web Apps, History, Saved Tab Group, WebAuthn Credentials, Collection, Edge E Drop, Edge Hub App Usage, Edge Wallet, Encryption Keys}
{"logTime": "0112/064952", "correlationVector":"zaZq5kMSWWJMYp4rkI4K0o.1","action":"SyncServerConnectionManagerRequest", "result":"SYNC_SERVER_OK", "context":{"environment":"Prod_southeastasia_prod-s01-065-apac-southeastasia", "migrationStage":"NotStarted", "server":"akswtt109000005"}}
{"logTime": "0112/064952", "correlationVector":"zaZq5kMSWWJMYp4rkI4K0o.2","action":"ProcessGetUpdates", "result":"Done", "context":{"dataType":"Bookmarks", "deleted":"0", "process_failed_to_decrypt":"0", "process_pending_decryption":"0", "process_success":"1", "total":"1"}}
{"logTime": "0112/064952", "correlationVector":"zaZq5kMSWWJMYp4rkI4K0o.3","action":"ProcessGetUpdates", "result":"Done", "context":{"dataType":"Preferences", "deleted":"0", "process_failed_to_decrypt":"0", "process_pending_decryption":"0", "process_success":"3", "total":"3"}}
{"logTime": "0112/064952", "correlationVector":"zaZq5kMSWWJMYp4rkI4K0o.4","action":"ProcessGetUpdates", "result":"Done", "context":{"dataType":"Sessions", "deleted":"3", "process_failed_to_decrypt":"0", "process_pending_decryption":"0", "process_success":"9", "total":"9"}}
{"logTime": "0112/064952", "correlationVector":"zaZq5kMSWWJMYp4rkI4K0o.5","action":"ProcessGetUpdates", "result":"Done", "context":{"dataType":"History", "deleted":"0", "process_failed_to_decrypt":"0", "process_pending_decryption":"0", "process_success":"25", "total":"25"}}
{"logTime": "0112/064952", "correlationVector":"zaZq5kMSWWJMYp4rkI4K0o.6","action":"GetUpdates Response", "result":"Success", "context":Received 38 update(s). cV=zaZq5kMSWWJMYp4rkI4K0o.0;server=akswtt109000005;cloudType=Consumer;environment=Prod_southeastasia_prod-s01-065-apac-southeastasia;migrationStage=NotStarted}
{"logTime": "0112/064952", "correlationVector":"7Du7IH9BhOG5s2L4PPMG5U","action":"Commit Request", "result":"", "context":Item count: 1
Contributing types: Device Info}
{"logTime": "0112/064952", "correlationVector":"7Du7IH9BhOG5s2L4PPMG5U.1","action":"SyncServerConnectionManagerRequest", "result":"SYNC_SERVER_OK", "context":{"environment":"Prod_southeastasia_prod-s01-065-apac-southeastasia", "migrationStage":"NotStarted", "server":"akswtt10900000q"}}
{"logTime": "0112/064952", "correlationVector":"7Du7IH9BhOG5s2L4PPMG5U.2","action":"Commit Response", "result":"Success", "context":Result: Success. cV=7Du7IH9BhOG5s2L4PPMG5U.0;server=akswtt10900000q;cloudType=Consumer;environment=Prod_southeastasia_prod-s01-065-apac-southeastasia;migrationStage=NotStarted}
{"logTime": "0112/064953", "correlationVector":"oQenVkND8XSWHh5oCId5gv","action":"Commit Request", "result":"", "context":Item count: 3
Contributing types: Sessions, Device Info}
{"logTime": "0112/064953", "correlationVector":"oQenVkND8XSWHh5oCId5gv.1","action":"SyncServerConnectionManagerRequest", "result":"SYNC_SERVER_OK", "context":{"environment":"Prod_southeastasia_prod-s01-065-apac-southeastasia", "migrationStage":"NotStarted", "server":"akswtt109000004"}}
{"logTime": "0112/064953", "correlationVector":"oQenVkND8XSWHh5oCId5gv.2","action":"Commit Response", "result":"Success", "context":Result: Success. cV=oQenVkND8XSWHh5oCId5gv.0;server=akswtt109000004;cloudType=Consumer;environment=Prod_southeastasia_prod-s01-065-apac-southeastasia;migrationStage=NotStarted}
{"logTime": "0112/064954", "correlationVector":"AEaUr+gXxd39aPOvrIgGOL","action":"Commit Request", "result":"", "context":Item count: 6
Contributing types: Preferences, Passwords, Sessions}
{"logTime": "0112/064954", "correlationVector":"AEaUr+gXxd39aPOvrIgGOL.1","action":"SyncServerConnectionManagerRequest", "result":"SYNC_SERVER_OK", "context":{"environment":"Prod_southeastasia_prod-s01-065-apac-southeastasia", "migrationStage":"NotStarted", "server":"akswtt10900000t"}}
{"logTime": "0112/064954", "correlationVector":"AEaUr+gXxd39aPOvrIgGOL.2","action":"Commit Response", "result":"Success", "context":Result: Success. cV=AEaUr+gXxd39aPOvrIgGOL.0;server=akswtt10900000t;cloudType=Consumer;environment=Prod_southeastasia_prod-s01-065-apac-southeastasia;migrationStage=NotStarted}
{"logTime": "0112/065055", "correlationVector":"pztkGrXKWWWqBg0rwhCzLz","action":"Commit Request", "result":"", "context":Item count: 2
Contributing types: Sessions, History}
{"logTime": "0112/065055", "correlationVector":"pztkGrXKWWWqBg0rwhCzLz.1","action":"SyncServerConnectionManagerRequest", "result":"SYNC_SERVER_OK", "context":{"environment":"Prod_southeastasia_prod-s01-065-apac-southeastasia", "migrationStage":"NotStarted", "server":"akswtt10900000d"}}
{"logTime": "0112/065055", "correlationVector":"pztkGrXKWWWqBg0rwhCzLz.2","action":"Commit Response", "result":"Success", "context":Result: Success. cV=pztkGrXKWWWqBg0rwhCzLz.0;server=akswtt10900000d;cloudType=Consumer;environment=Prod_southeastasia_prod-s01-065-apac-southeastasia;migrationStage=NotStarted}
